Component: Arm Compiler for Embedded 6.19 Tool: armlink [5e73cb00]

==============================================================================

Section Cross References

    startup_stm32f411xe.o(STACK) refers (Special) to heapauxi.o(.text) for __use_two_region_memory
    startup_stm32f411xe.o(HEAP) refers (Special) to heapauxi.o(.text) for __use_two_region_memory
    startup_stm32f411xe.o(RESET) refers (Special) to heapauxi.o(.text) for __use_two_region_memory
    startup_stm32f411xe.o(RESET) refers to startup_stm32f411xe.o(STACK) for __initial_sp
    startup_stm32f411xe.o(RESET) refers to startup_stm32f411xe.o(.text) for Reset_Handler
    startup_stm32f411xe.o(RESET) refers to stm32f4xx_it.o(.text.NMI_Handler) for NMI_Handler
    startup_stm32f411xe.o(RESET) refers to stm32f4xx_it.o(.text.HardFault_Handler) for HardFault_Handler
    startup_stm32f411xe.o(RESET) refers to stm32f4xx_it.o(.text.MemManage_Handler) for MemManage_Handler
    startup_stm32f411xe.o(RESET) refers to stm32f4xx_it.o(.text.BusFault_Handler) for BusFault_Handler
    startup_stm32f411xe.o(RESET) refers to stm32f4xx_it.o(.text.UsageFault_Handler) for UsageFault_Handler
    startup_stm32f411xe.o(RESET) refers to stm32f4xx_it.o(.text.SVC_Handler) for SVC_Handler
    startup_stm32f411xe.o(RESET) refers to stm32f4xx_it.o(.text.DebugMon_Handler) for DebugMon_Handler
    startup_stm32f411xe.o(RESET) refers to stm32f4xx_it.o(.text.PendSV_Handler) for PendSV_Handler
    startup_stm32f411xe.o(RESET) refers to stm32f4xx_it.o(.text.SysTick_Handler) for SysTick_Handler
    startup_stm32f411xe.o(RESET) refers to stm32f4xx_it.o(.text.TIM2_IRQHandler) for TIM2_IRQHandler
    startup_stm32f411xe.o(RESET) refers to stm32f4xx_it.o(.text.OTG_FS_IRQHandler) for OTG_FS_IRQHandler
    startup_stm32f411xe.o(.text) refers (Special) to heapauxi.o(.text) for __use_two_region_memory
    startup_stm32f411xe.o(.text) refers to system_stm32f4xx.o(.text.SystemInit) for SystemInit
    startup_stm32f411xe.o(.text) refers to __main.o(!!!main) for __main
    startup_stm32f411xe.o(.text) refers to startup_stm32f411xe.o(HEAP) for Heap_Mem
    startup_stm32f411xe.o(.text) refers to startup_stm32f411xe.o(STACK) for Stack_Mem
    main.o(.text.HAL_TIM_PeriodElapsedCallback) refers to main.o(.bss.update_flag) for update_flag
    main.o(.text.HAL_TIM_PeriodElapsedCallback) refers to stm32f4xx_hal_gpio.o(.text.HAL_GPIO_ReadPin) for HAL_GPIO_ReadPin
    main.o(.text.HAL_TIM_PeriodElapsedCallback) refers to main.o(.bss.sens_state) for sens_state
    main.o(.ARM.exidx.text.HAL_TIM_PeriodElapsedCallback) refers to main.o(.text.HAL_TIM_PeriodElapsedCallback) for [Anonymous Symbol]
    main.o(.text.sens_data_transmition) refers to main.o(.bss.update_flag) for update_flag
    main.o(.text.sens_data_transmition) refers to main.o(.bss.sens_state) for sens_state
    main.o(.text.sens_data_transmition) refers to main.o(.bss.buff) for buff
    main.o(.text.sens_data_transmition) refers to main.o(.rodata.str1.1) for .L.str
    main.o(.text.sens_data_transmition) refers to sprintf.o(.text) for sprintf
    main.o(.text.sens_data_transmition) refers to strlen.o(.text) for strlen
    main.o(.text.sens_data_transmition) refers to usbd_cdc_if.o(.text.CDC_Transmit_FS) for CDC_Transmit_FS
    main.o(.ARM.exidx.text.sens_data_transmition) refers to main.o(.text.sens_data_transmition) for [Anonymous Symbol]
    main.o(.text.main) refers to stm32f4xx_hal.o(.text.HAL_Init) for HAL_Init
    main.o(.text.main) refers to main.o(.text.SystemClock_Config) for SystemClock_Config
    main.o(.text.main) refers to main.o(.text.MX_GPIO_Init) for MX_GPIO_Init
    main.o(.text.main) refers to usb_device.o(.text.MX_USB_DEVICE_Init) for MX_USB_DEVICE_Init
    main.o(.text.main) refers to main.o(.text.MX_TIM2_Init) for MX_TIM2_Init
    main.o(.text.main) refers to main.o(.bss.htim2) for htim2
    main.o(.text.main) refers to stm32f4xx_hal_tim.o(.text.HAL_TIM_Base_Start_IT) for HAL_TIM_Base_Start_IT
    main.o(.text.main) refers to main.o(.text.sens_data_transmition) for sens_data_transmition
    main.o(.ARM.exidx.text.main) refers to main.o(.text.main) for [Anonymous Symbol]
    main.o(.text.SystemClock_Config) refers to rt_memclr_w.o(.text) for __aeabi_memclr4
    main.o(.text.SystemClock_Config) refers to stm32f4xx_hal_rcc.o(.text.HAL_RCC_OscConfig) for HAL_RCC_OscConfig
    main.o(.text.SystemClock_Config) refers to main.o(.text.Error_Handler) for Error_Handler
    main.o(.text.SystemClock_Config) refers to stm32f4xx_hal_rcc.o(.text.HAL_RCC_ClockConfig) for HAL_RCC_ClockConfig
    main.o(.ARM.exidx.text.SystemClock_Config) refers to main.o(.text.SystemClock_Config) for [Anonymous Symbol]
    main.o(.text.MX_GPIO_Init) refers to stm32f4xx_hal_gpio.o(.text.HAL_GPIO_WritePin) for HAL_GPIO_WritePin
    main.o(.text.MX_GPIO_Init) refers to stm32f4xx_hal_gpio.o(.text.HAL_GPIO_Init) for HAL_GPIO_Init
    main.o(.ARM.exidx.text.MX_GPIO_Init) refers to main.o(.text.MX_GPIO_Init) for [Anonymous Symbol]
[...]
    DMA1_Stream1_IRQHandler                  0x080002ff   Thumb Code     0  startup_stm32f411xe.o(.text)
    DMA1_Stream2_IRQHandler                  0x080002ff   Thumb Code     0  startup_stm32f411xe.o(.text)
    DMA1_Stream3_IRQHandler                  0x080002ff   Thumb Code     0  startup_stm32f411xe.o(.text)
    DMA1_Stream4_IRQHandler                  0x080002ff   Thumb Code     0  startup_stm32f411xe.o(.text)
    DMA1_Stream5_IRQHandler                  0x080002ff   Thumb Code     0  startup_stm32f411xe.o(.text)
    DMA1_Stream6_IRQHandler                  0x080002ff   Thumb Code     0  startup_stm32f411xe.o(.text)
    DMA1_Stream7_IRQHandler                  0x080002ff   Thumb Code     0  startup_stm32f411xe.o(.text)
    DMA2_Stream0_IRQHandler                  0x080002ff   Thumb Code     0  startup_stm32f411xe.o(.text)
    DMA2_Stream1_IRQHandler                  0x080002ff   Thumb Code     0  startup_stm32f411xe.o(.text)
    DMA2_Stream2_IRQHandler                  0x080002ff   Thumb Code     0  startup_stm32f411xe.o(.text)
    DMA2_Stream3_IRQHandler                  0x080002ff   Thumb Code     0  startup_stm32f411xe.o(.text)
    DMA2_Stream4_IRQHandler                  0x080002ff   Thumb Code     0  startup_stm32f411xe.o(.text)
    DMA2_Stream5_IRQHandler                  0x080002ff   Thumb Code     0  startup_stm32f411xe.o(.text)
    DMA2_Stream6_IRQHandler                  0x080002ff   Thumb Code     0  startup_stm32f411xe.o(.text)
    DMA2_Stream7_IRQHandler                  0x080002ff   Thumb Code     0  startup_stm32f411xe.o(.text)
    EXTI0_IRQHandler                         0x080002ff   Thumb Code     0  startup_stm32f411xe.o(.text)
    EXTI15_10_IRQHandler                     0x080002ff   Thumb Code     0  startup_stm32f411xe.o(.text)
    EXTI1_IRQHandler                         0x080002ff   Thumb Code     0  startup_stm32f411xe.o(.text)
    EXTI2_IRQHandler                         0x080002ff   Thumb Code     0  startup_stm32f411xe.o(.text)
    EXTI3_IRQHandler                         0x080002ff   Thumb Code     0  startup_stm32f411xe.o(.text)
    EXTI4_IRQHandler                         0x080002ff   Thumb Code     0  startup_stm32f411xe.o(.text)
    EXTI9_5_IRQHandler                       0x080002ff   Thumb Code     0  startup_stm32f411xe.o(.text)
    FLASH_IRQHandler                         0x080002ff   Thumb Code     0  startup_stm32f411xe.o(.text)
    FPU_IRQHandler                           0x080002ff   Thumb Code     0  startup_stm32f411xe.o(.text)
    I2C1_ER_IRQHandler                       0x080002ff   Thumb Code     0  startup_stm32f411xe.o(.text)
    I2C1_EV_IRQHandler                       0x080002ff   Thumb Code     0  startup_stm32f411xe.o(.text)
    I2C2_ER_IRQHandler                       0x080002ff   Thumb Code     0  startup_stm32f411xe.o(.text)
    I2C2_EV_IRQHandler                       0x080002ff   Thumb Code     0  startup_stm32f411xe.o(.text)
    I2C3_ER_IRQHandler                       0x080002ff   Thumb Code     0  startup_stm32f411xe.o(.text)
    I2C3_EV_IRQHandler                       0x080002ff   Thumb Code     0  startup_stm32f411xe.o(.text)
    OTG_FS_WKUP_IRQHandler                   0x080002ff   Thumb Code     0  startup_stm32f411xe.o(.text)
    PVD_IRQHandler                           0x080002ff   Thumb Code     0  startup_stm32f411xe.o(.text)
    RCC_IRQHandler                           0x080002ff   Thumb Code     0  startup_stm32f411xe.o(.text)
    RTC_Alarm_IRQHandler                     0x080002ff   Thumb Code     0  startup_stm32f411xe.o(.text)
    RTC_WKUP_IRQHandler                      0x080002ff   Thumb Code     0  startup_stm32f411xe.o(.text)
    SDIO_IRQHandler                          0x080002ff   Thumb Code     0  startup_stm32f411xe.o(.text)
    SPI1_IRQHandler                          0x080002ff   Thumb Code     0  startup_stm32f411xe.o(.text)
    SPI2_IRQHandler                          0x080002ff   Thumb Code     0  startup_stm32f411xe.o(.text)
    SPI3_IRQHandler                          0x080002ff   Thumb Code     0  startup_stm32f411xe.o(.text)
    SPI4_IRQHandler                          0x080002ff   Thumb Code     0  startup_stm32f411xe.o(.text)
    SPI5_IRQHandler                          0x080002ff   Thumb Code     0  startup_stm32f411xe.o(.text)
    TAMP_STAMP_IRQHandler                    0x080002ff   Thumb Code     0  startup_stm32f411xe.o(.text)
    TIM1_BRK_TIM9_IRQHandler                 0x080002ff   Thumb Code     0  startup_stm32f411xe.o(.text)
    TIM1_CC_IRQHandler                       0x080002ff   Thumb Code     0  startup_stm32f411xe.o(.text)
    TIM1_TRG_COM_TIM11_IRQHandler            0x080002ff   Thumb Code     0  startup_stm32f411xe.o(.text)
    TIM1_UP_TIM10_IRQHandler                 0x080002ff   Thumb Code     0  startup_stm32f411xe.o(.text)
    TIM3_IRQHandler                          0x080002ff   Thumb Code     0  startup_stm32f411xe.o(.text)
    TIM4_IRQHandler                          0x080002ff   Thumb Code     0  startup_stm32f411xe.o(.text)
    TIM5_IRQHandler                          0x080002ff   Thumb Code     0  startup_stm32f411xe.o(.text)
    USART1_IRQHandler                        0x080002ff   Thumb Code     0  startup_stm32f411xe.o(.text)
    USART2_IRQHandler                        0x080002ff   Thumb Code     0  startup_stm32f411xe.o(.text)
    USART6_IRQHandler                        0x080002ff   Thumb Code     0  startup_stm32f411xe.o(.text)
    WWDG_IRQHandler                          0x080002ff   Thumb Code     0  startup_stm32f411xe.o(.text)
    __user_initial_stackheap                 0x08000301   Thumb Code     0  startup_stm32f411xe.o(.text)
    __aeabi_uldivmod                         0x08000325   Thumb Code     0  lludivv7m.o(.text)
    _ll_udiv                                 0x08000325   Thumb Code   240  lludivv7m.o(.text)
    sprintf                                  0x08000415   Thumb Code    38  sprintf.o(.text)
    strlen                                   0x08000441   Thumb Code    62  strlen.o(.text)
    __aeabi_memclr4                          0x0800047f   Thumb Code     0  rt_memclr_w.o(.text)
    __aeabi_memclr8                          0x0800047f   Thumb Code     0  rt_memclr_w.o(.text)
    __rt_memclr_w                            0x0800047f   Thumb Code     0  rt_memclr_w.o(.text)
    _memset_w                                0x08000483   Thumb Code    74  rt_memclr_w.o(.text)
    __use_two_region_memory                  0x080004cd   Thumb Code     2  heapauxi.o(.text)
    __rt_heap_escrow$2region                 0x080004cf   Thumb Code     2  heapauxi.o(.text)
    __rt_heap_expand$2region                 0x080004d1   Thumb Code     2  heapauxi.o(.text)
    _printf_pre_padding                      0x080004d3   Thumb Code    44  _printf_pad.o(.text)
    _printf_post_padding                     0x080004ff   Thumb Code    34  _printf_pad.o(.text)
    _printf_truncate_signed                  0x08000521   Thumb Code    18  _printf_truncate.o(.text)
    _printf_truncate_unsigned                0x08000533   Thumb Code    18  _printf_truncate.o(.text)
    _printf_str                              0x08000545   Thumb Code    82  _printf_str.o(.text)
    _printf_int_dec                          0x08000599   Thumb Code   104  _printf_dec.o(.text)
    _printf_charcount                        0x08000611   Thumb Code    40  _printf_charcount.o(.text)
    _printf_char_common                      0x08000643   Thumb Code    32  _printf_char_common.o(.text)
    _sputc                                   0x08000669   Thumb Code    10  _sputc.o(.text)
    _printf_wctomb                           0x08000675   Thumb Code   182  _printf_wctomb.o(.text)
    _printf_longlong_dec                     0x08000731   Thumb Code   108  _printf_longlong_dec.o(.text)
    _printf_longlong_oct                     0x080007ad   Thumb Code    68  _printf_oct_int_ll.o(.text)
    _printf_int_oct                          0x080007f1   Thumb Code    24  _printf_oct_int_ll.o(.text)
    _printf_ll_oct                           0x08000809   Thumb Code    12  _printf_oct_int_ll.o(.text)
    _printf_longlong_hex                     0x0800081d   Thumb Code    86  _printf_hex_int_ll_ptr.o(.text)
    _printf_int_hex                          0x08000873   Thumb Code    28  _printf_hex_int_ll_ptr.o(.text)
    _printf_ll_hex                           0x0800088f   Thumb Code    12  _printf_hex_int_ll_ptr.o(.text)
    _printf_hex_ptr                          0x0800089b   Thumb Code    18  _printf_hex_int_ll_ptr.o(.text)
    __printf                                 0x080008b1   Thumb Code   388  __printf_flags_ss_wp.o(.text)
    _ll_udiv10                               0x08000a39   Thumb Code   138  lludiv10.o(.text)
    _printf_int_common                       0x08000ac3   Thumb Code   178  _printf_intcommon.o(.text)
    _printf_fp_dec_real                      0x08000d25   Thumb Code   620  _printf_fp_dec.o(.text)
    _printf_fp_hex_real                      0x08000f91   Thumb Code   756  _printf_fp_hex.o(.text)
    _printf_cs_common                        0x0800128d   Thumb Code    20  _printf_char.o(.text)
    _printf_char                             0x080012a1   Thumb Code    16  _printf_char.o(.text)
    _printf_string                           0x080012b1   Thumb Code     8  _printf_char.o(.text)
    _printf_lcs_common                       0x080012b9   Thumb Code    20  _printf_wchar.o(.text)
    _printf_wchar                            0x080012cd   Thumb Code    16  _printf_wchar.o(.text)
    _printf_wstring                          0x080012dd   Thumb Code     8  _printf_wchar.o(.text)
    _c16rtomb                                0x080012e5   Thumb Code    72  _c16rtomb.o(.text)
    _wcrtomb                                 0x080012e5   Thumb Code     0  _c16rtomb.o(.text)
    __user_setup_stackheap                   0x0800132d   Thumb Code    74  sys_stackheap_outer.o(.text)
    __rt_ctype_table                         0x08001379   Thumb Code    16  rt_ctype_table.o(.text)
    __rt_locale                              0x08001389   Thumb Code     8  rt_locale_intlibspace.o(.text)
    _printf_fp_infnan                        0x08001391   Thumb Code   112  _printf_fp_infnan.o(.text)
    _btod_etento                             0x08001411   Thumb Code   224  bigflt0.o(.text)
    exit                                     0x080014f5   Thumb Code    18  exit.o(.text)
    __user_libspace                          0x08001509   Thumb Code     8  libspace.o(.text)
    __user_perproc_libspace                  0x08001509   Thumb Code     0  libspace.o(.text)
    __user_perthread_libspace                0x08001509   Thumb Code     0  libspace.o(.text)
    strcmp                                   0x08001511   Thumb Code   124  strcmpv7em.o(.text)
    _sys_exit                                0x0800158d   Thumb Code     8  sys_exit.o(.text)
    __I$use$semihosting                      0x08001599   Thumb Code     0  use_no_semi.o(.text)
    __use_no_semihosting_swi                 0x08001599   Thumb Code     2  use_no_semi.o(.text)
    __semihosting_library_function           0x0800159b   Thumb Code     0  indicate_semi.o(.text)
    BusFault_Handler                         0x0800159d   Thumb Code     4  stm32f4xx_it.o(.text.BusFault_Handler)
    CDC_Transmit_FS                          0x08001671   Thumb Code    96  usbd_cdc_if.o(.text.CDC_Transmit_FS)
    DebugMon_Handler                         0x080016d1   Thumb Code     2  stm32f4xx_it.o(.text.DebugMon_Handler)
    Error_Handler                            0x080016d5   Thumb Code    14  main.o(.text.Error_Handler)
    HAL_Delay                                0x08001741   Thumb Code    66  stm32f4xx_hal.o(.text.HAL_Delay)
    HAL_GPIO_Init                            0x08001785   Thumb Code   866  stm32f4xx_hal_gpio.o(.text.HAL_GPIO_Init)
    HAL_GPIO_ReadPin                         0x08001ae9   Thumb Code    46  stm32f4xx_hal_gpio.o(.text.HAL_GPIO_ReadPin)
    HAL_GPIO_WritePin                        0x08001b19   Thumb Code    46  stm32f4xx_hal_gpio.o(.text.HAL_GPIO_WritePin)
    HAL_GetTick                              0x08001b49   Thumb Code    12  stm32f4xx_hal.o(.text.HAL_GetTick)
    HAL_IncTick                              0x08001b55   Thumb Code    26  stm32f4xx_hal.o(.text.HAL_IncTick)
    HAL_Init                                 0x08001b71   Thumb Code    60  stm32f4xx_hal.o(.text.HAL_Init)
    HAL_InitTick                             0x08001bad   Thumb Code   112  stm32f4xx_hal.o(.text.HAL_InitTick)
    HAL_MspInit                              0x08001c1d   Thumb Code    82  stm32f4xx_hal_msp.o(.text.HAL_MspInit)
    HAL_NVIC_EnableIRQ                       0x08001c71   Thumb Code    20  stm32f4xx_hal_cortex.o(.text.HAL_NVIC_EnableIRQ)
    HAL_NVIC_SetPriority                     0x08001c85   Thumb Code    50  stm32f4xx_hal_cortex.o(.text.HAL_NVIC_SetPriority)
    HAL_NVIC_SetPriorityGrouping             0x08001cb9   Thumb Code    16  stm32f4xx_hal_cortex.o(.text.HAL_NVIC_SetPriorityGrouping)
    HAL_PCDEx_LPM_Callback                   0x08001cc9   Thumb Code    12  stm32f4xx_hal_pcd_ex.o(.text.HAL_PCDEx_LPM_Callback)
    HAL_PCDEx_SetRxFiFo                      0x08001cd5   Thumb Code    24  stm32f4xx_hal_pcd_ex.o(.text.HAL_PCDEx_SetRxFiFo)
    HAL_PCDEx_SetTxFiFo                      0x08001ced   Thumb Code   156  stm32f4xx_hal_pcd_ex.o(.text.HAL_PCDEx_SetTxFiFo)
    HAL_PCD_ConnectCallback                  0x08001d89   Thumb Code    20  usbd_conf.o(.text.HAL_PCD_ConnectCallback)
    HAL_PCD_DataInStageCallback              0x08001d9d   Thumb Code    38  usbd_conf.o(.text.HAL_PCD_DataInStageCallback)
    HAL_PCD_DataOutStageCallback             0x08001dc5   Thumb Code    40  usbd_conf.o(.text.HAL_PCD_DataOutStageCallback)
    HAL_PCD_DisconnectCallback               0x08001ded   Thumb Code    20  usbd_conf.o(.text.HAL_PCD_DisconnectCallback)
    HAL_PCD_EP_Abort                         0x08001e01   Thumb Code    94  stm32f4xx_hal_pcd.o(.text.HAL_PCD_EP_Abort)
    HAL_PCD_EP_Close                         0x08001e61   Thumb Code   168  stm32f4xx_hal_pcd.o(.text.HAL_PCD_EP_Close)
    HAL_PCD_EP_ClrStall                      0x08001f09   Thumb Code   200  stm32f4xx_hal_pcd.o(.text.HAL_PCD_EP_ClrStall)
    HAL_PCD_EP_GetRxCount                    0x08001fd1   Thumb Code    34  stm32f4xx_hal_pcd.o(.text.HAL_PCD_EP_GetRxCount)
    HAL_PCD_EP_Open                          0x08001ff5   Thumb Code   234  stm32f4xx_hal_pcd.o(.text.HAL_PCD_EP_Open)
    HAL_PCD_EP_Receive                       0x080020e1   Thumb Code   134  stm32f4xx_hal_pcd.o(.text.HAL_PCD_EP_Receive)
    HAL_PCD_EP_SetStall                      0x08002169   Thumb Code   222  stm32f4xx_hal_pcd.o(.text.HAL_PCD_EP_SetStall)
    HAL_PCD_EP_Transmit                      0x08002249   Thumb Code   134  stm32f4xx_hal_pcd.o(.text.HAL_PCD_EP_Transmit)
    HAL_PCD_IRQHandler                       0x080022d1   Thumb Code  2108  stm32f4xx_hal_pcd.o(.text.HAL_PCD_IRQHandler)
    HAL_PCD_ISOINIncompleteCallback          0x08002b0d   Thumb Code    28  usbd_conf.o(.text.HAL_PCD_ISOINIncompleteCallback)
    HAL_PCD_ISOOUTIncompleteCallback         0x08002b29   Thumb Code    28  usbd_conf.o(.text.HAL_PCD_ISOOUTIncompleteCallback)
    HAL_PCD_Init                             0x08002b45   Thumb Code   692  stm32f4xx_hal_pcd.o(.text.HAL_PCD_Init)
    HAL_PCD_MspInit                          0x08002df9   Thumb Code   202  usbd_conf.o(.text.HAL_PCD_MspInit)
    HAL_PCD_ResetCallback                    0x08002ec5   Thumb Code    56  usbd_conf.o(.text.HAL_PCD_ResetCallback)
    HAL_PCD_ResumeCallback                   0x08002efd   Thumb Code    20  usbd_conf.o(.text.HAL_PCD_ResumeCallback)
    HAL_PCD_SOFCallback                      0x08002f11   Thumb Code    20  usbd_conf.o(.text.HAL_PCD_SOFCallback)
    HAL_PCD_SetAddress                       0x08002f25   Thumb Code    94  stm32f4xx_hal_pcd.o(.text.HAL_PCD_SetAddress)
    HAL_PCD_SetupStageCallback               0x08002f85   Thumb Code    24  usbd_conf.o(.text.HAL_PCD_SetupStageCallback)
    HAL_PCD_Start                            0x08002f9d   Thumb Code   122  stm32f4xx_hal_pcd.o(.text.HAL_PCD_Start)
    HAL_PCD_SuspendCallback                  0x08003019   Thumb Code    62  usbd_conf.o(.text.HAL_PCD_SuspendCallback)
    HAL_RCC_ClockConfig                      0x08003059   Thumb Code   610  stm32f4xx_hal_rcc.o(.text.HAL_RCC_ClockConfig)
    HAL_RCC_GetHCLKFreq                      0x080032bd   Thumb Code    12  stm32f4xx_hal_rcc.o(.text.HAL_RCC_GetHCLKFreq)
    HAL_RCC_GetSysClockFreq                  0x080032c9   Thumb Code   230  stm32f4xx_hal_rcc.o(.text.HAL_RCC_GetSysClockFreq)
    HAL_RCC_OscConfig                        0x080033b1   Thumb Code  1726  stm32f4xx_hal_rcc.o(.text.HAL_RCC_OscConfig)
    HAL_SYSTICK_Config                       0x08003a71   Thumb Code    16  stm32f4xx_hal_cortex.o(.text.HAL_SYSTICK_Config)
    HAL_TIMEx_BreakCallback                  0x08003a81   Thumb Code     8  stm32f4xx_hal_tim_ex.o(.text.HAL_TIMEx_BreakCallback)
    HAL_TIMEx_CommutCallback                 0x08003a89   Thumb Code     8  stm32f4xx_hal_tim_ex.o(.text.HAL_TIMEx_CommutCallback)
    HAL_TIMEx_MasterConfigSynchronization    0x08003a91   Thumb Code   254  stm32f4xx_hal_tim_ex.o(.text.HAL_TIMEx_MasterConfigSynchronization)
    HAL_TIM_Base_Init                        0x08003b91   Thumb Code   156  stm32f4xx_hal_tim.o(.text.HAL_TIM_Base_Init)
    HAL_TIM_Base_MspInit                     0x08003c2d   Thumb Code    76  stm32f4xx_hal_msp.o(.text.HAL_TIM_Base_MspInit)
    HAL_TIM_Base_Start_IT                    0x08003c79   Thumb Code   210  stm32f4xx_hal_tim.o(.text.HAL_TIM_Base_Start_IT)
    HAL_TIM_ConfigClockSource                0x08003d4d   Thumb Code   388  stm32f4xx_hal_tim.o(.text.HAL_TIM_ConfigClockSource)
    HAL_TIM_IC_CaptureCallback               0x08003ed1   Thumb Code     8  stm32f4xx_hal_tim.o(.text.HAL_TIM_IC_CaptureCallback)
    HAL_TIM_IRQHandler                       0x08003ed9   Thumb Code   634  stm32f4xx_hal_tim.o(.text.HAL_TIM_IRQHandler)
    HAL_TIM_OC_DelayElapsedCallback          0x08004155   Thumb Code     8  stm32f4xx_hal_tim.o(.text.HAL_TIM_OC_DelayElapsedCallback)
    HAL_TIM_PWM_PulseFinishedCallback        0x0800415d   Thumb Code     8  stm32f4xx_hal_tim.o(.text.HAL_TIM_PWM_PulseFinishedCallback)
    HAL_TIM_PeriodElapsedCallback            0x08004165   Thumb Code    92  main.o(.text.HAL_TIM_PeriodElapsedCallback)
    HAL_TIM_TriggerCallback                  0x080041c1   Thumb Code     8  stm32f4xx_hal_tim.o(.text.HAL_TIM_TriggerCallback)
    HardFault_Handler                        0x080041c9   Thumb Code     4  stm32f4xx_it.o(.text.HardFault_Handler)
    MX_USB_DEVICE_Init                       0x08004579   Thumb Code   118  usb_device.o(.text.MX_USB_DEVICE_Init)
    MemManage_Handler                        0x080045f1   Thumb Code     4  stm32f4xx_it.o(.text.MemManage_Handler)
    NMI_Handler                              0x080045f5   Thumb Code     4  stm32f4xx_it.o(.text.NMI_Handler)
    OTG_FS_IRQHandler                        0x08004665   Thumb Code    16  stm32f4xx_it.o(.text.OTG_FS_IRQHandler)
    PendSV_Handler                           0x080049fd   Thumb Code     2  stm32f4xx_it.o(.text.PendSV_Handler)
    SVC_Handler                              0x08004a01   Thumb Code     2  stm32f4xx_it.o(.text.SVC_Handler)
    SysTick_Handler                          0x08004a91   Thumb Code     8  stm32f4xx_it.o(.text.SysTick_Handler)
    SystemClock_Config                       0x08004a99   Thumb Code   184  main.o(.text.SystemClock_Config)
    SystemInit                               0x08004b51   Thumb Code    18  system_stm32f4xx.o(.text.SystemInit)
    TIM2_IRQHandler                          0x08004b65   Thumb Code    16  stm32f4xx_it.o(.text.TIM2_IRQHandler)
    TIM_Base_SetConfig                       0x08004b75   Thumb Code   314  stm32f4xx_hal_tim.o(.text.TIM_Base_SetConfig)
    TIM_ETR_SetConfig                        0x08004cb1   Thumb Code    52  stm32f4xx_hal_tim.o(.text.TIM_ETR_SetConfig)
    USBD_CDC_GetDeviceQualifierDescriptor    0x0800507d   Thumb Code    22  usbd_cdc.o(.text.USBD_CDC_GetDeviceQualifierDescriptor)
    USBD_CDC_ReceivePacket                   0x080053f9   Thumb Code   126  usbd_cdc.o(.text.USBD_CDC_ReceivePacket)
    USBD_CDC_RegisterInterface               0x08005479   Thumb Code    52  usbd_cdc.o(.text.USBD_CDC_RegisterInterface)
    USBD_CDC_SetRxBuffer                     0x080054ad   Thumb Code    60  usbd_cdc.o(.text.USBD_CDC_SetRxBuffer)
    USBD_CDC_SetTxBuffer                     0x080054e9   Thumb Code    70  usbd_cdc.o(.text.USBD_CDC_SetTxBuffer)
    USBD_CDC_TransmitPacket                  0x080056fd   Thumb Code   148  usbd_cdc.o(.text.USBD_CDC_TransmitPacket)
    USBD_ClrClassConfig                      0x08005791   Thumb Code    50  usbd_core.o(.text.USBD_ClrClassConfig)
    USBD_CoreFindEP                          0x08005805   Thumb Code    14  usbd_core.o(.text.USBD_CoreFindEP)
    USBD_CoreFindIF                          0x08005815   Thumb Code    14  usbd_core.o(.text.USBD_CoreFindIF)
    USBD_CtlContinueRx                       0x08005825   Thumb Code    30  usbd_ioreq.o(.text.USBD_CtlContinueRx)
    USBD_CtlContinueSendData                 0x08005845   Thumb Code    30  usbd_ioreq.o(.text.USBD_CtlContinueSendData)
    USBD_CtlError                            0x08005865   Thumb Code    28  usbd_ctlreq.o(.text.USBD_CtlError)
    USBD_CtlPrepareRx                        0x08005881   Thumb Code    54  usbd_ioreq.o(.text.USBD_CtlPrepareRx)
    USBD_CtlReceiveStatus                    0x080058b9   Thumb Code    34  usbd_ioreq.o(.text.USBD_CtlReceiveStatus)
    USBD_CtlSendData                         0x080058dd   Thumb Code    50  usbd_ioreq.o(.text.USBD_CtlSendData)
    USBD_CtlSendStatus                       0x08005911   Thumb Code    34  usbd_ioreq.o(.text.USBD_CtlSendStatus)
    USBD_FS_ConfigStrDescriptor              0x08005935   Thumb Code    78  usbd_desc.o(.text.USBD_FS_ConfigStrDescriptor)
    USBD_FS_DeviceDescriptor                 0x08005985   Thumb Code    26  usbd_desc.o(.text.USBD_FS_DeviceDescriptor)
    USBD_FS_InterfaceStrDescriptor           0x080059a1   Thumb Code    78  usbd_desc.o(.text.USBD_FS_InterfaceStrDescriptor)
    USBD_FS_LangIDStrDescriptor              0x080059f1   Thumb Code    26  usbd_desc.o(.text.USBD_FS_LangIDStrDescriptor)
    USBD_FS_ManufacturerStrDescriptor        0x08005a0d   Thumb Code    40  usbd_desc.o(.text.USBD_FS_ManufacturerStrDescriptor)
    USBD_FS_ProductStrDescriptor             0x08005a35   Thumb Code    78  usbd_desc.o(.text.USBD_FS_ProductStrDescriptor)
    USBD_FS_SerialStrDescriptor              0x08005a85   Thumb Code    32  usbd_desc.o(.text.USBD_FS_SerialStrDescriptor)
    USBD_GetEpDesc                           0x08005de1   Thumb Code   118  usbd_core.o(.text.USBD_GetEpDesc)
    USBD_GetNextDesc                         0x08005e8d   Thumb Code    38  usbd_core.o(.text.USBD_GetNextDesc)
    USBD_GetString                           0x08005f19   Thumb Code   152  usbd_ctlreq.o(.text.USBD_GetString)
    USBD_Get_USB_Status                      0x08005fb1   Thumb Code    82  usbd_conf.o(.text.USBD_Get_USB_Status)
    USBD_Init                                0x08006005   Thumb Code   106  usbd_core.o(.text.USBD_Init)
    USBD_LL_ClearStallEP                     0x08006071   Thumb Code    58  usbd_conf.o(.text.USBD_LL_ClearStallEP)
    USBD_LL_CloseEP                          0x080060ad   Thumb Code    58  usbd_conf.o(.text.USBD_LL_CloseEP)
    USBD_LL_DataInStage                      0x080060e9   Thumb Code   402  usbd_core.o(.text.USBD_LL_DataInStage)
    USBD_LL_DataOutStage                     0x0800627d   Thumb Code   436  usbd_core.o(.text.USBD_LL_DataOutStage)
    USBD_LL_DevConnected                     0x08006431   Thumb Code    10  usbd_core.o(.text.USBD_LL_DevConnected)
    USBD_LL_DevDisconnected                  0x0800643d   Thumb Code    64  usbd_core.o(.text.USBD_LL_DevDisconnected)
    USBD_LL_GetRxDataSize                    0x0800647d   Thumb Code    28  usbd_conf.o(.text.USBD_LL_GetRxDataSize)
    USBD_LL_Init                             0x08006499   Thumb Code   128  usbd_conf.o(.text.USBD_LL_Init)
    USBD_LL_IsStallEP                        0x08006519   Thumb Code    92  usbd_conf.o(.text.USBD_LL_IsStallEP)
    USBD_LL_IsoINIncomplete                  0x08006575   Thumb Code   110  usbd_core.o(.text.USBD_LL_IsoINIncomplete)
    USBD_LL_IsoOUTIncomplete                 0x080065e5   Thumb Code   110  usbd_core.o(.text.USBD_LL_IsoOUTIncomplete)
    USBD_LL_OpenEP                           0x08006655   Thumb Code    74  usbd_conf.o(.text.USBD_LL_OpenEP)
    USBD_LL_PrepareReceive                   0x080066a1   Thumb Code    66  usbd_conf.o(.text.USBD_LL_PrepareReceive)
    USBD_LL_Reset                            0x080066e5   Thumb Code   156  usbd_core.o(.text.USBD_LL_Reset)
    USBD_LL_Resume                           0x08006781   Thumb Code    36  usbd_core.o(.text.USBD_LL_Resume)
    USBD_LL_SOF                              0x080067a5   Thumb Code    62  usbd_core.o(.text.USBD_LL_SOF)
    USBD_LL_SetSpeed                         0x080067e5   Thumb Code    22  usbd_core.o(.text.USBD_LL_SetSpeed)
    USBD_LL_SetUSBAddress                    0x080067fd   Thumb Code    58  usbd_conf.o(.text.USBD_LL_SetUSBAddress)
    USBD_LL_SetupStage                       0x08006839   Thumb Code   148  usbd_core.o(.text.USBD_LL_SetupStage)
    USBD_LL_StallEP                          0x080068cd   Thumb Code    58  usbd_conf.o(.text.USBD_LL_StallEP)
    USBD_LL_Start                            0x08006909   Thumb Code    50  usbd_conf.o(.text.USBD_LL_Start)
    USBD_LL_Suspend                          0x0800693d   Thumb Code    30  usbd_core.o(.text.USBD_LL_Suspend)
    USBD_LL_Transmit                         0x0800695d   Thumb Code    66  usbd_conf.o(.text.USBD_LL_Transmit)
    USBD_ParseSetupRequest                   0x080069a1   Thumb Code    98  usbd_ctlreq.o(.text.USBD_ParseSetupRequest)
    USBD_RegisterClass                       0x08006a05   Thumb Code   114  usbd_core.o(.text.USBD_RegisterClass)
    USBD_RunTestMode                         0x08006a79   Thumb Code    10  usbd_core.o(.text.USBD_RunTestMode)
    USBD_SetClassConfig                      0x08006b11   Thumb Code    54  usbd_core.o(.text.USBD_SetClassConfig)
    USBD_Start                               0x08006d19   Thumb Code    16  usbd_core.o(.text.USBD_Start)
    USBD_StdDevReq                           0x08006d29   Thumb Code   204  usbd_ctlreq.o(.text.USBD_StdDevReq)
    USBD_StdEPReq                            0x08006df5   Thumb Code   940  usbd_ctlreq.o(.text.USBD_StdEPReq)
    USBD_StdItfReq                           0x080071a1   Thumb Code   244  usbd_ctlreq.o(.text.USBD_StdItfReq)
    USBD_static_free                         0x08007295   Thumb Code     8  usbd_conf.o(.text.USBD_static_free)
    USBD_static_malloc                       0x0800729d   Thumb Code    16  usbd_conf.o(.text.USBD_static_malloc)
    USB_ActivateEndpoint                     0x080072ad   Thumb Code   222  stm32f4xx_ll_usb.o(.text.USB_ActivateEndpoint)
    USB_ActivateSetup                        0x0800738d   Thumb Code    44  stm32f4xx_ll_usb.o(.text.USB_ActivateSetup)
    USB_CoreInit                             0x080073b9   Thumb Code   252  stm32f4xx_ll_usb.o(.text.USB_CoreInit)
    USB_DeactivateEndpoint                   0x08007539   Thumb Code   312  stm32f4xx_ll_usb.o(.text.USB_DeactivateEndpoint)
    USB_DevConnect                           0x08007671   Thumb Code    42  stm32f4xx_ll_usb.o(.text.USB_DevConnect)
    USB_DevDisconnect                        0x0800769d   Thumb Code    42  stm32f4xx_ll_usb.o(.text.USB_DevDisconnect)
    USB_DevInit                              0x080076c9   Thumb Code   706  stm32f4xx_ll_usb.o(.text.USB_DevInit)
    USB_DisableGlobalInt                     0x0800798d   Thumb Code    20  stm32f4xx_ll_usb.o(.text.USB_DisableGlobalInt)
    USB_EP0StartXfer                         0x080079a1   Thumb Code   502  stm32f4xx_ll_usb.o(.text.USB_EP0StartXfer)
    USB_EP0_OutStart                         0x08007b99   Thumb Code   158  stm32f4xx_ll_usb.o(.text.USB_EP0_OutStart)
    USB_EPClearStall                         0x08007c39   Thumb Code   160  stm32f4xx_ll_usb.o(.text.USB_EPClearStall)
    USB_EPSetStall                           0x08007cd9   Thumb Code   168  stm32f4xx_ll_usb.o(.text.USB_EPSetStall)
    USB_EPStartXfer                          0x08007d81   Thumb Code   872  stm32f4xx_ll_usb.o(.text.USB_EPStartXfer)
    USB_EPStopXfer                           0x080080e9   Thumb Code   284  stm32f4xx_ll_usb.o(.text.USB_EPStopXfer)
    USB_EnableGlobalInt                      0x08008205   Thumb Code    20  stm32f4xx_ll_usb.o(.text.USB_EnableGlobalInt)
    USB_FlushRxFifo                          0x08008219   Thumb Code   128  stm32f4xx_ll_usb.o(.text.USB_FlushRxFifo)
    USB_FlushTxFifo                          0x08008299   Thumb Code   134  stm32f4xx_ll_usb.o(.text.USB_FlushTxFifo)
    USB_GetDevSpeed                          0x08008321   Thumb Code    76  stm32f4xx_ll_usb.o(.text.USB_GetDevSpeed)
    USB_GetMode                              0x0800836d   Thumb Code    16  stm32f4xx_ll_usb.o(.text.USB_GetMode)
    USB_ReadDevAllInEpInterrupt              0x0800837d   Thumb Code    36  stm32f4xx_ll_usb.o(.text.USB_ReadDevAllInEpInterrupt)
    USB_ReadDevAllOutEpInterrupt             0x080083a1   Thumb Code    36  stm32f4xx_ll_usb.o(.text.USB_ReadDevAllOutEpInterrupt)
    USB_ReadDevInEPInterrupt                 0x080083c5   Thumb Code    78  stm32f4xx_ll_usb.o(.text.USB_ReadDevInEPInterrupt)
    USB_ReadDevOutEPInterrupt                0x08008415   Thumb Code    46  stm32f4xx_ll_usb.o(.text.USB_ReadDevOutEPInterrupt)
    USB_ReadInterrupts                       0x08008445   Thumb Code    26  stm32f4xx_ll_usb.o(.text.USB_ReadInterrupts)
    USB_ReadPacket                           0x08008461   Thumb Code   180  stm32f4xx_ll_usb.o(.text.USB_ReadPacket)
    USB_SetCurrentMode                       0x08008515   Thumb Code   222  stm32f4xx_ll_usb.o(.text.USB_SetCurrentMode)
    USB_SetDevAddress                        0x080085f5   Thumb Code    54  stm32f4xx_ll_usb.o(.text.USB_SetDevAddress)
    USB_SetDevSpeed                          0x0800862d   Thumb Code    34  stm32f4xx_ll_usb.o(.text.USB_SetDevSpeed)
    USB_SetTurnaroundTime                    0x08008651   Thumb Code   442  stm32f4xx_ll_usb.o(.text.USB_SetTurnaroundTime)
    USB_WritePacket                          0x0800880d   Thumb Code   130  stm32f4xx_ll_usb.o(.text.USB_WritePacket)
    UsageFault_Handler                       0x08008891   Thumb Code     4  stm32f4xx_it.o(.text.UsageFault_Handler)
    main                                     0x08008955   Thumb Code    48  main.o(.text.main)
    sens_data_transmition                    0x08008985   Thumb Code    86  main.o(.text.sens_data_transmition)
    _btod_d2e                                0x080089db   Thumb Code    62  btod.o(CL$$btod_d2e)
    _d2e_denorm_low                          0x08008a19   Thumb Code    70  btod.o(CL$$btod_d2e_denorm_low)
    _d2e_norm_op1                            0x08008a5f   Thumb Code    96  btod.o(CL$$btod_d2e_norm_op1)
    __btod_div_common                        0x08008ac1   Thumb Code   696  btod.o(CL$$btod_div_common)
    _e2e                                     0x08008df9   Thumb Code   220  btod.o(CL$$btod_e2e)
    _btod_ediv                               0x08008ed5   Thumb Code    42  btod.o(CL$$btod_ediv)
    _btod_emul                               0x08008eff   Thumb Code    42  btod.o(CL$$btod_emul)
    __btod_mult_common                       0x08008f29   Thumb Code   580  btod.o(CL$$btod_mult_common)
    __ARM_fpclassify                         0x0800916d   Thumb Code    48  fpclassify.o(i.__ARM_fpclassify)
    _is_digit                                0x0800919d   Thumb Code    14  __printf_wp.o(i._is_digit)
    _get_lc_numeric                          0x080091ad   Thumb Code    44  lc_numeric_c.o(locale$$code)
    _get_lc_ctype                            0x080091d9   Thumb Code    44  lc_ctype_c.o(locale$$code)
    _fp_init                                 0x08009205   Thumb Code    26  fpinit.o(x$fpl$fpinit)
    __fplib_config_fpu_vfp                   0x0800921d   Thumb Code     0  fpinit.o(x$fpl$fpinit)
    __fplib_config_pureend_doubles           0x0800921d   Thumb Code     0  fpinit.o(x$fpl$fpinit)
    _printf_fp_dec                           0x0800921f   Thumb Code     4  printf1.o(x$fpl$printf1)
    _printf_fp_hex                           0x08009223   Thumb Code     4  printf2.o(x$fpl$printf2)
    __I$use$fp                               0x08009226   Number         0  usenofp.o(x$fpl$usenofp)
    AHBPrescTable                            0x08009324   Data          16  system_stm32f4xx.o(.rodata.AHBPrescTable)
    Region$$Table$$Base                      0x08009390   Number         0  anon$$obj.o(Region$$Table)
    Region$$Table$$Limit                     0x080093b0   Number         0  anon$$obj.o(Region$$Table)
    __ctype                                  0x080093d9   Data           0  lc_ctype_c.o(locale$$data)
    FS_Desc                                  0x20000004   Data          28  usbd_desc.o(.data.FS_Desc)
    SystemCoreClock                          0x20000020   Data           4  system_stm32f4xx.o(.data.SystemCoreClock)
    USBD_CDC                                 0x20000024   Data          56  usbd_cdc.o(.data.USBD_CDC)
    USBD_FS_DeviceDesc                       0x200000ac   Data          18  usbd_desc.o(.data.USBD_FS_DeviceDesc)
    USBD_Interface_fops_FS                   0x200000c0   Data          20  usbd_cdc_if.o(.data.USBD_Interface_fops_FS)
    USBD_LangIDDesc                          0x200000d4   Data           4  usbd_desc.o(.data.USBD_LangIDDesc)
    USBD_StringSerial                        0x200000d8   Data          26  usbd_desc.o(.data.USBD_StringSerial)
    uwTickFreq                               0x200000f2   Data           1  stm32f4xx_hal.o(.data.uwTickFreq)
    uwTickPrio                               0x200000f4   Data           4  stm32f4xx_hal.o(.data.uwTickPrio)
    __libspace_start                         0x200000f8   Data          96  libspace.o(.bss)
    __temporary_stack_top$libspace           0x20000158   Data           0  libspace.o(.bss)
    USBD_StrDesc                             0x2000015c   Data         512  usbd_desc.o(.bss.USBD_StrDesc)
    UserRxBufferFS                           0x2000057c   Data        2048  usbd_cdc_if.o(.bss.UserRxBufferFS)
    UserTxBufferFS                           0x20000d7c   Data        2048  usbd_cdc_if.o(.bss.UserTxBufferFS)
    buff                                     0x2000157c   Data          30  main.o(.bss.buff)
    hUsbDeviceFS                             0x2000159c   Data         732  usb_device.o(.bss.hUsbDeviceFS)
    hpcd_USB_OTG_FS                          0x20001878   Data        1292  usbd_conf.o(.bss.hpcd_USB_OTG_FS)
    htim2                                    0x20001d84   Data          72  main.o(.bss.htim2)
    sens_state                               0x20001dcc   Data           2  main.o(.bss.sens_state)
    update_flag                              0x20001dce   Data           1  main.o(.bss.update_flag)
    uwTick                                   0x20001dd0   Data           4  stm32f4xx_hal.o(.bss.uwTick)



==============================================================================

Memory Map of the image

  Image Entry point : 0x08000199

  Load Region LR_IROM1 (Base: 0x08000000, Size: 0x000095d8, Max: 0x00080000, ABSOLUTE)

    Execution Region ER_IROM1 (Exec base: 0x08000000, Load base: 0x08000000, Size: 0x000094dc, Max: 0x00080000, ABSOLUTE)

    Exec Addr    Load Addr    Size         Type   Attr      Idx    E Section Name        Object

    0x08000000   0x08000000   0x00000198   Data   RO            3    RESET               startup_stm32f411xe.o
    0x08000198   0x08000198   0x00000008   Code   RO         1402  * !!!main             c_w.l(__main.o)
    0x080001a0   0x080001a0   0x00000034   Code   RO         1749    !!!scatter          c_w.l(__scatter.o)
    0x080001d4   0x080001d4   0x0000001a   Code   RO         1751    !!handler_copy      c_w.l(__scatter_copy.o)
    0x080001ee   0x080001ee   0x00000002   PAD
    0x080001f0   0x080001f0   0x0000001c   Code   RO         1753    !!handler_zi        c_w.l(__scatter_zi.o)
    0x0800020c   0x0800020c   0x00000000   Code   RO         1490    .ARM.Collect$$_printf_percent$$00000000  c_w.l(_printf_percent.o)
    0x0800020c   0x0800020c   0x00000006   Code   RO         1479    .ARM.Collect$$_printf_percent$$00000001  c_w.l(_printf_n.o)
    0x08000212   0x08000212   0x00000006   Code   RO         1481    .ARM.Collect$$_printf_percent$$00000002  c_w.l(_printf_p.o)
    0x08000218   0x08000218   0x00000006   Code   RO         1486    .ARM.Collect$$_printf_percent$$00000003  c_w.l(_printf_f.o)
    0x0800021e   0x0800021e   0x00000006   Code   RO         1487    .ARM.Collect$$_printf_percent$$00000004  c_w.l(_printf_e.o)
    0x08000224   0x08000224   0x00000006   Code   RO         1488    .ARM.Collect$$_printf_percent$$00000005  c_w.l(_printf_g.o)
    0x0800022a   0x0800022a   0x00000006   Code   RO         1489    .ARM.Collect$$_printf_percent$$00000006  c_w.l(_printf_a.o)
    0x08000230   0x08000230   0x0000000a   Code   RO         1494    .ARM.Collect$$_printf_percent$$00000007  c_w.l(_printf_ll.o)
    0x0800023a   0x0800023a   0x00000006   Code   RO         1483    .ARM.Collect$$_printf_percent$$00000008  c_w.l(_printf_i.o)
    0x08000240   0x08000240   0x00000006   Code   RO         1484    .ARM.Collect$$_printf_percent$$00000009  c_w.l(_printf_d.o)
    0x08000246   0x08000246   0x00000006   Code   RO         1485    .ARM.Collect$$_printf_percent$$0000000A  c_w.l(_printf_u.o)
    0x0800024c   0x0800024c   0x00000006   Code   RO         1482    .ARM.Collect$$_printf_percent$$0000000B  c_w.l(_printf_o.o)
    0x08000252   0x08000252   0x00000006   Code   RO         1480    .ARM.Collect$$_printf_percent$$0000000C  c_w.l(_printf_x.o)
    0x08000258   0x08000258   0x00000006   Code   RO         1491    .ARM.Collect$$_printf_percent$$0000000D  c_w.l(_printf_lli.o)
    0x0800025e   0x0800025e   0x00000006   Code   RO         1492    .ARM.Collect$$_printf_percent$$0000000E  c_w.l(_printf_lld.o)
    0x08000264   0x08000264   0x00000006   Code   RO         1493    .ARM.Collect$$_printf_percent$$0000000F  c_w.l(_printf_llu.o)
    0x0800026a   0x0800026a   0x00000006   Code   RO         1498    .ARM.Collect$$_printf_percent$$00000010  c_w.l(_printf_llo.o)
    0x08000270   0x08000270   0x00000006   Code   RO         1499    .ARM.Collect$$_printf_percent$$00000011  c_w.l(_printf_llx.o)
    0x08000276   0x08000276   0x0000000a   Code   RO         1495    .ARM.Collect$$_printf_percent$$00000012  c_w.l(_printf_l.o)
    0x08000280   0x08000280   0x00000006   Code   RO         1477    .ARM.Collect$$_printf_percent$$00000013  c_w.l(_printf_c.o)
    0x08000286   0x08000286   0x00000006   Code   RO         1478    .ARM.Collect$$_printf_percent$$00000014  c_w.l(_printf_s.o)
    0x0800028c   0x0800028c   0x00000006   Code   RO         1496    .ARM.Collect$$_printf_percent$$00000015  c_w.l(_printf_lc.o)
    0x08000292   0x08000292   0x00000006   Code   RO         1497    .ARM.Collect$$_printf_percent$$00000016  c_w.l(_printf_ls.o)
    0x08000298   0x08000298   0x00000004   Code   RO         1542    .ARM.Collect$$_printf_percent$$00000017  c_w.l(_printf_percent_end.o)
    0x0800029c   0x0800029c   0x00000002   Code   RO         1597    .ARM.Collect$$libinit$$00000000  c_w.l(libinit.o)
    0x0800029e   0x0800029e   0x00000004   Code   RO         1621    .ARM.Collect$$libinit$$00000001  c_w.l(libinit2.o)
    0x080002a2   0x080002a2   0x00000000   Code   RO         1624    .ARM.Collect$$libinit$$00000004  c_w.l(libinit2.o)
    0x080002a2   0x080002a2   0x00000000   Code   RO         1626    .ARM.Collect$$libinit$$00000006  c_w.l(libinit2.o)
    0x080002a2   0x080002a2   0x00000000   Code   RO         1629    .ARM.Collect$$libinit$$0000000C  c_w.l(libinit2.o)
    0x080002a2   0x080002a2   0x00000000   Code   RO         1631    .ARM.Collect$$libinit$$0000000E  c_w.l(libinit2.o)
    0x080002a2   0x080002a2   0x00000000   Code   RO         1633    .ARM.Collect$$libinit$$00000010  c_w.l(libinit2.o)
    0x080002a2   0x080002a2   0x00000006   Code   RO         1634    .ARM.Collect$$libinit$$00000011  c_w.l(libinit2.o)
    0x080002a8   0x080002a8   0x00000000   Code   RO         1636    .ARM.Collect$$libinit$$00000013  c_w.l(libinit2.o)
    0x080002a8   0x080002a8   0x0000000c   Code   RO         1637    .ARM.Collect$$libinit$$00000014  c_w.l(libinit2.o)
    0x080002b4   0x080002b4   0x00000000   Code   RO         1638    .ARM.Collect$$libinit$$00000015  c_w.l(libinit2.o)
    0x080002b4   0x080002b4   0x00000000   Code   RO         1640    .ARM.Collect$$libinit$$00000017  c_w.l(libinit2.o)
    0x080002b4   0x080002b4   0x0000000a   Code   RO         1641    .ARM.Collect$$libinit$$00000018  c_w.l(libinit2.o)
    0x080002be   0x080002be   0x00000000   Code   RO         1642    .ARM.Collect$$libinit$$00000019  c_w.l(libinit2.o)
    0x080002be   0x080002be   0x00000000   Code   RO         1644    .ARM.Collect$$libinit$$0000001B  c_w.l(libinit2.o)
    0x080002be   0x080002be   0x00000000   Code   RO         1646    .ARM.Collect$$libinit$$0000001D  c_w.l(libinit2.o)
    0x080002be   0x080002be   0x00000000   Code   RO         1648    .ARM.Collect$$libinit$$0000001F  c_w.l(libinit2.o)
    0x080002be   0x080002be   0x00000000   Code   RO         1650    .ARM.Collect$$libinit$$00000021  c_w.l(libinit2.o)
    0x080002be   0x080002be   0x00000000   Code   RO         1652    .ARM.Collect$$libinit$$00000023  c_w.l(libinit2.o)
    0x080002be   0x080002be   0x00000000   Code   RO         1654    .ARM.Collect$$libinit$$00000025  c_w.l(libinit2.o)
    0x080002be   0x080002be   0x00000000   Code   RO         1656    .ARM.Collect$$libinit$$00000027  c_w.l(libinit2.o)
    0x080002be   0x080002be   0x00000000   Code   RO         1660    .ARM.Collect$$libinit$$0000002E  c_w.l(libinit2.o)
    0x080002be   0x080002be   0x00000000   Code   RO         1662    .ARM.Collect$$libinit$$00000030  c_w.l(libinit2.o)
    0x080002be   0x080002be   0x00000000   Code   RO         1664    .ARM.Collect$$libinit$$00000032  c_w.l(libinit2.o)
    0x080002be   0x080002be   0x00000000   Code   RO         1666    .ARM.Collect$$libinit$$00000034  c_w.l(libinit2.o)
    0x080002be   0x080002be   0x00000002   Code   RO         1667    .ARM.Collect$$libinit$$00000035  c_w.l(libinit2.o)
    0x080002c0   0x080002c0   0x00000002   Code   RO         1704    .ARM.Collect$$libshutdown$$00000000  c_w.l(libshutdown.o)
    0x080002c2   0x080002c2   0x00000000   Code   RO         1732    .ARM.Collect$$libshutdown$$00000002  c_w.l(libshutdown2.o)
    0x080002c2   0x080002c2   0x00000000   Code   RO         1734    .ARM.Collect$$libshutdown$$00000004  c_w.l(libshutdown2.o)
    0x080002c2   0x080002c2   0x00000000   Code   RO         1737    .ARM.Collect$$libshutdown$$00000007  c_w.l(libshutdown2.o)
    0x080002c2   0x080002c2   0x00000000   Code   RO         1740    .ARM.Collect$$libshutdown$$0000000A  c_w.l(libshutdown2.o)
    0x080002c2   0x080002c2   0x00000000   Code   RO         1742    .ARM.Collect$$libshutdown$$0000000C  c_w.l(libshutdown2.o)
    0x080002c2   0x080002c2   0x00000000   Code   RO         1745    .ARM.Collect$$libshutdown$$0000000F  c_w.l(libshutdown2.o)
    0x080002c2   0x080002c2   0x00000002   Code   RO         1746    .ARM.Collect$$libshutdown$$00000010  c_w.l(libshutdown2.o)
    0x080002c4   0x080002c4   0x00000000   Code   RO         1404    .ARM.Collect$$rtentry$$00000000  c_w.l(__rtentry.o)
    0x080002c4   0x080002c4   0x00000000   Code   RO         1509    .ARM.Collect$$rtentry$$00000002  c_w.l(__rtentry2.o)
    0x080002c4   0x080002c4   0x00000006   Code   RO         1521    .ARM.Collect$$rtentry$$00000004  c_w.l(__rtentry4.o)
    0x080002ca   0x080002ca   0x00000000   Code   RO         1511    .ARM.Collect$$rtentry$$00000009  c_w.l(__rtentry2.o)
    0x080002ca   0x080002ca   0x00000004   Code   RO         1512    .ARM.Collect$$rtentry$$0000000A  c_w.l(__rtentry2.o)
    0x080002ce   0x080002ce   0x00000000   Code   RO         1514    .ARM.Collect$$rtentry$$0000000C  c_w.l(__rtentry2.o)
    0x080002ce   0x080002ce   0x00000008   Code   RO         1515    .ARM.Collect$$rtentry$$0000000D  c_w.l(__rtentry2.o)
    0x080002d6   0x080002d6   0x00000002   Code   RO         1606    .ARM.Collect$$rtexit$$00000000  c_w.l(rtexit.o)
    0x080002d8   0x080002d8   0x00000000   Code   RO         1673    .ARM.Collect$$rtexit$$00000002  c_w.l(rtexit2.o)
    0x080002d8   0x080002d8   0x00000004   Code   RO         1674    .ARM.Collect$$rtexit$$00000003  c_w.l(rtexit2.o)
    0x080002dc   0x080002dc   0x00000006   Code   RO         1675    .ARM.Collect$$rtexit$$00000004  c_w.l(rtexit2.o)
    0x080002e2   0x080002e2   0x00000002   PAD
    0x080002e4   0x080002e4   0x00000040   Code   RO            4    .text               startup_stm32f411xe.o
    0x08000324   0x08000324   0x000000f0   Code   RO         1392    .text               c_w.l(lludivv7m.o)
    0x08000414   0x08000414   0x0000002c   Code   RO         1394    .text               c_w.l(sprintf.o)
    0x08000440   0x08000440   0x0000003e   Code   RO         1396    .text               c_w.l(strlen.o)
    0x0800047e   0x0800047e   0x0000004e   Code   RO         1398    .text               c_w.l(rt_memclr_w.o)
    0x080004cc   0x080004cc   0x00000006   Code   RO         1400    .text               c_w.l(heapauxi.o)
    0x080004d2   0x080004d2   0x0000004e   Code   RO         1411    .text               c_w.l(_printf_pad.o)
    0x08000520   0x08000520   0x00000024   Code   RO         1413    .text               c_w.l(_printf_truncate.o)
    0x08000544   0x08000544   0x00000052   Code   RO         1415    .text               c_w.l(_printf_str.o)
    0x08000596   0x08000596   0x00000002   PAD
    0x08000598   0x08000598   0x00000078   Code   RO         1417    .text               c_w.l(_printf_dec.o)
    0x08000610   0x08000610   0x00000028   Code   RO         1419    .text               c_w.l(_printf_charcount.o)
    0x08000638   0x08000638   0x00000030   Code   RO         1421    .text               c_w.l(_printf_char_common.o)
    0x08000668   0x08000668   0x0000000a   Code   RO         1423    .text               c_w.l(_sputc.o)
    0x08000672   0x08000672   0x00000002   PAD
    0x08000674   0x08000674   0x000000bc   Code   RO         1425    .text               c_w.l(_printf_wctomb.o)
    0x08000730   0x08000730   0x0000007c   Code   RO         1428    .text               c_w.l(_printf_longlong_dec.o)
    0x080007ac   0x080007ac   0x00000070   Code   RO         1434    .text               c_w.l(_printf_oct_int_ll.o)
    0x0800081c   0x0800081c   0x00000094   Code   RO         1454    .text               c_w.l(_printf_hex_int_ll_ptr.o)
    0x080008b0   0x080008b0   0x00000188   Code   RO         1474    .text               c_w.l(__printf_flags_ss_wp.o)
    0x08000a38   0x08000a38   0x0000008a   Code   RO         1525    .text               c_w.l(lludiv10.o)
    0x08000ac2   0x08000ac2   0x000000b2   Code   RO         1527    .text               c_w.l(_printf_intcommon.o)
    0x08000b74   0x08000b74   0x0000041c   Code   RO         1529    .text               c_w.l(_printf_fp_dec.o)
    0x08000f90   0x08000f90   0x000002fc   Code   RO         1533    .text               c_w.l(_printf_fp_hex.o)
    0x0800128c   0x0800128c   0x0000002c   Code   RO         1538    .text               c_w.l(_printf_char.o)
    0x080012b8   0x080012b8   0x0000002c   Code   RO         1540    .text               c_w.l(_printf_wchar.o)
    0x080012e4   0x080012e4   0x00000048   Code   RO         1543    .text               c_w.l(_c16rtomb.o)
    0x0800132c   0x0800132c   0x0000004a   Code   RO         1545    .text               c_w.l(sys_stackheap_outer.o)
    0x08001376   0x08001376   0x00000002   PAD
    0x08001378   0x08001378   0x00000010   Code   RO         1547    .text               c_w.l(rt_ctype_table.o)
    0x08001388   0x08001388   0x00000008   Code   RO         1552    .text               c_w.l(rt_locale_intlibspace.o)
    0x08001390   0x08001390   0x00000080   Code   RO         1554    .text               c_w.l(_printf_fp_infnan.o)
    0x08001410   0x08001410   0x000000e4   Code   RO         1556    .text               c_w.l(bigflt0.o)
    0x080014f4   0x080014f4   0x00000012   Code   RO         1586    .text               c_w.l(exit.o)
    0x08001506   0x08001506   0x00000002   PAD
    0x08001508   0x08001508   0x00000008   Code   RO         1603    .text               c_w.l(libspace.o)
    0x08001510   0x08001510   0x0000007c   Code   RO         1619    .text               c_w.l(strcmpv7em.o)
    0x0800158c   0x0800158c   0x0000000c   Code   RO         1668    .text               c_w.l(sys_exit.o)
    0x08001598   0x08001598   0x00000002   Code   RO         1693    .text               c_w.l(use_no_semi.o)
    0x0800159a   0x0800159a   0x00000000   Code   RO         1695    .text               c_w.l(indicate_semi.o)
    0x0800159a   0x0800159a   0x00000002   PAD
    0x0800159c   0x0800159c   0x00000004   Code   RO           44    .text.BusFault_Handler  stm32f4xx_it.o
    0x080015a0   0x080015a0   0x0000005c   Code   RO          124    .text.CDC_Control_FS  usbd_cdc_if.o
    0x080015fc   0x080015fc   0x00000004   Code   RO          122    .text.CDC_DeInit_FS  usbd_cdc_if.o
    0x08001600   0x08001600   0x00000032   Code   RO          120    .text.CDC_Init_FS   usbd_cdc_if.o
    0x08001632   0x08001632   0x00000002   PAD
    0x08001634   0x08001634   0x00000024   Code   RO          126    .text.CDC_Receive_FS  usbd_cdc_if.o
    0x08001658   0x08001658   0x00000018   Code   RO          128    .text.CDC_TransmitCplt_FS  usbd_cdc_if.o
    0x08001670   0x08001670   0x00000060   Code   RO          130    .text.CDC_Transmit_FS  usbd_cdc_if.o
    0x080016d0   0x080016d0   0x00000002   Code   RO           50    .text.DebugMon_Handler  stm32f4xx_it.o
    0x080016d2   0x080016d2   0x00000002   PAD
    0x080016d4   0x080016d4   0x0000000e   Code   RO           23    .text.Error_Handler  main.o
    0x080016e2   0x080016e2   0x00000002   PAD
    0x080016e4   0x080016e4   0x0000005c   Code   RO          103    .text.Get_SerialNum  usbd_desc.o
    0x08001740   0x08001740   0x00000042   Code   RO          815    .text.HAL_Delay     stm32f4xx_hal.o
    0x08001782   0x08001782   0x00000002   PAD
    0x08001784   0x08001784   0x00000362   Code   RO          580    .text.HAL_GPIO_Init  stm32f4xx_hal_gpio.o
    0x08001ae6   0x08001ae6   0x00000002   PAD
    0x08001ae8   0x08001ae8   0x0000002e   Code   RO          584    .text.HAL_GPIO_ReadPin  stm32f4xx_hal_gpio.o
    0x08001b16   0x08001b16   0x00000002   PAD
    0x08001b18   0x08001b18   0x0000002e   Code   RO          586    .text.HAL_GPIO_WritePin  stm32f4xx_hal_gpio.o
    0x08001b46   0x08001b46   0x00000002   PAD
    0x08001b48   0x08001b48   0x0000000c   Code   RO          807    .text.HAL_GetTick   stm32f4xx_hal.o
    0x08001b54   0x08001b54   0x0000001a   Code   RO          805    .text.HAL_IncTick   stm32f4xx_hal.o
    0x08001b6e   0x08001b6e   0x00000002   PAD
    0x08001b70   0x08001b70   0x0000003c   Code   RO          795    .text.HAL_Init      stm32f4xx_hal.o
    0x08001bac   0x08001bac   0x00000070   Code   RO          797    .text.HAL_InitTick  stm32f4xx_hal.o
    0x08001c1c   0x08001c1c   0x00000052   Code   RO           67    .text.HAL_MspInit   stm32f4xx_hal_msp.o
    0x08001c6e   0x08001c6e   0x00000002   PAD
    0x08001c70   0x08001c70   0x00000014   Code   RO          736    .text.HAL_NVIC_EnableIRQ  stm32f4xx_hal_cortex.o
    0x08001c84   0x08001c84   0x00000032   Code   RO          728    .text.HAL_NVIC_SetPriority  stm32f4xx_hal_cortex.o
    0x08001cb6   0x08001cb6   0x00000002   PAD
    0x08001cb8   0x08001cb8   0x00000010   Code   RO          724    .text.HAL_NVIC_SetPriorityGrouping  stm32f4xx_hal_cortex.o
    0x08001cc8   0x08001cc8   0x0000000c   Code   RO          300    .text.HAL_PCDEx_LPM_Callback  stm32f4xx_hal_pcd_ex.o
    0x08001cd4   0x08001cd4   0x00000018   Code   RO          298    .text.HAL_PCDEx_SetRxFiFo  stm32f4xx_hal_pcd_ex.o
    0x08001cec   0x08001cec   0x0000009c   Code   RO          296    .text.HAL_PCDEx_SetTxFiFo  stm32f4xx_hal_pcd_ex.o
    0x08001d88   0x08001d88   0x00000014   Code   RO          164    .text.HAL_PCD_ConnectCallback  usbd_conf.o
    0x08001d9c   0x08001d9c   0x00000026   Code   RO          150    .text.HAL_PCD_DataInStageCallback  usbd_conf.o
    0x08001dc2   0x08001dc2   0x00000002   PAD
    0x08001dc4   0x08001dc4   0x00000028   Code   RO          148    .text.HAL_PCD_DataOutStageCallback  usbd_conf.o
    0x08001dec   0x08001dec   0x00000014   Code   RO          166    .text.HAL_PCD_DisconnectCallback  usbd_conf.o
    0x08001e00   0x08001e00   0x0000005e   Code   RO          247    .text.HAL_PCD_EP_Abort  stm32f4xx_hal_pcd.o
    0x08001e5e   0x08001e5e   0x00000002   PAD
    0x08001e60   0x08001e60   0x000000a8   Code   RO          267    .text.HAL_PCD_EP_Close  stm32f4xx_hal_pcd.o
    0x08001f08   0x08001f08   0x000000c8   Code   RO          277    .text.HAL_PCD_EP_ClrStall  stm32f4xx_hal_pcd.o
    0x08001fd0   0x08001fd0   0x00000022   Code   RO          271    .text.HAL_PCD_EP_GetRxCount  stm32f4xx_hal_pcd.o
    0x08001ff2   0x08001ff2   0x00000002   PAD
    0x08001ff4   0x08001ff4   0x000000ea   Code   RO          265    .text.HAL_PCD_EP_Open  stm32f4xx_hal_pcd.o
    0x080020de   0x080020de   0x00000002   PAD
    0x080020e0   0x080020e0   0x00000086   Code   RO          269    .text.HAL_PCD_EP_Receive  stm32f4xx_hal_pcd.o
    0x08002166   0x08002166   0x00000002   PAD
    0x08002168   0x08002168   0x000000de   Code   RO          275    .text.HAL_PCD_EP_SetStall  stm32f4xx_hal_pcd.o
    0x08002246   0x08002246   0x00000002   PAD
    0x08002248   0x08002248   0x00000086   Code   RO          273    .text.HAL_PCD_EP_Transmit  stm32f4xx_hal_pcd.o
    0x080022ce   0x080022ce   0x00000002   PAD
    0x080022d0   0x080022d0   0x0000083c   Code   RO          225    .text.HAL_PCD_IRQHandler  stm32f4xx_hal_pcd.o
    0x08002b0c   0x08002b0c   0x0000001c   Code   RO          162    .text.HAL_PCD_ISOINIncompleteCallback  usbd_conf.o
    0x08002b28   0x08002b28   0x0000001c   Code   RO          160    .text.HAL_PCD_ISOOUTIncompleteCallback  usbd_conf.o
    0x08002b44   0x08002b44   0x000002b4   Code   RO          213    .text.HAL_PCD_Init  stm32f4xx_hal_pcd.o
    0x08002df8   0x08002df8   0x000000ca   Code   RO          142    .text.HAL_PCD_MspInit  usbd_conf.o
    0x08002ec2   0x08002ec2   0x00000002   PAD
    0x08002ec4   0x08002ec4   0x00000038   Code   RO          154    .text.HAL_PCD_ResetCallback  usbd_conf.o
    0x08002efc   0x08002efc   0x00000014   Code   RO          158    .text.HAL_PCD_ResumeCallback  usbd_conf.o
    0x08002f10   0x08002f10   0x00000014   Code   RO          152    .text.HAL_PCD_SOFCallback  usbd_conf.o
    0x08002f24   0x08002f24   0x0000005e   Code   RO          263    .text.HAL_PCD_SetAddress  stm32f4xx_hal_pcd.o
    0x08002f82   0x08002f82   0x00000002   PAD
    0x08002f84   0x08002f84   0x00000018   Code   RO          146    .text.HAL_PCD_SetupStageCallback  usbd_conf.o
    0x08002f9c   0x08002f9c   0x0000007a   Code   RO          221    .text.HAL_PCD_Start  stm32f4xx_hal_pcd.o
    0x08003016   0x08003016   0x00000002   PAD
    0x08003018   0x08003018   0x0000003e   Code   RO          156    .text.HAL_PCD_SuspendCallback  usbd_conf.o
    0x08003056   0x08003056   0x00000002   PAD
    0x08003058   0x08003058   0x00000262   Code   RO          420    .text.HAL_RCC_ClockConfig  stm32f4xx_hal_rcc.o
    0x080032ba   0x080032ba   0x00000002   PAD
    0x080032bc   0x080032bc   0x0000000c   Code   RO          430    .text.HAL_RCC_GetHCLKFreq  stm32f4xx_hal_rcc.o
    0x080032c8   0x080032c8   0x000000e6   Code   RO          422    .text.HAL_RCC_GetSysClockFreq  stm32f4xx_hal_rcc.o
    0x080033ae   0x080033ae   0x00000002   PAD
    0x080033b0   0x080033b0   0x000006be   Code   RO          418    .text.HAL_RCC_OscConfig  stm32f4xx_hal_rcc.o
    0x08003a6e   0x08003a6e   0x00000002   PAD
    0x08003a70   0x08003a70   0x00000010   Code   RO          748    .text.HAL_SYSTICK_Config  stm32f4xx_hal_cortex.o
    0x08003a80   0x08003a80   0x00000008   Code   RO         1207    .text.HAL_TIMEx_BreakCallback  stm32f4xx_hal_tim_ex.o
    0x08003a88   0x08003a88   0x00000008   Code   RO         1203    .text.HAL_TIMEx_CommutCallback  stm32f4xx_hal_tim_ex.o
    0x08003a90   0x08003a90   0x000000fe   Code   RO         1197    .text.HAL_TIMEx_MasterConfigSynchronization  stm32f4xx_hal_tim_ex.o
    0x08003b8e   0x08003b8e   0x00000002   PAD
    0x08003b90   0x08003b90   0x0000009c   Code   RO          884    .text.HAL_TIM_Base_Init  stm32f4xx_hal_tim.o
    0x08003c2c   0x08003c2c   0x0000004c   Code   RO           69    .text.HAL_TIM_Base_MspInit  stm32f4xx_hal_msp.o
    0x08003c78   0x08003c78   0x000000d2   Code   RO          898    .text.HAL_TIM_Base_Start_IT  stm32f4xx_hal_tim.o
    0x08003d4a   0x08003d4a   0x00000002   PAD
    0x08003d4c   0x08003d4c   0x00000184   Code   RO         1076    .text.HAL_TIM_ConfigClockSource  stm32f4xx_hal_tim.o
    0x08003ed0   0x08003ed0   0x00000008   Code   RO         1020    .text.HAL_TIM_IC_CaptureCallback  stm32f4xx_hal_tim.o
    0x08003ed8   0x08003ed8   0x0000027a   Code   RO         1018    .text.HAL_TIM_IRQHandler  stm32f4xx_hal_tim.o
    0x08004152   0x08004152   0x00000002   PAD
    0x08004154   0x08004154   0x00000008   Code   RO         1022    .text.HAL_TIM_OC_DelayElapsedCallback  stm32f4xx_hal_tim.o
    0x0800415c   0x0800415c   0x00000008   Code   RO         1024    .text.HAL_TIM_PWM_PulseFinishedCallback  stm32f4xx_hal_tim.o
    0x08004164   0x08004164   0x0000005c   Code   RO           11    .text.HAL_TIM_PeriodElapsedCallback  main.o
    0x080041c0   0x080041c0   0x00000008   Code   RO         1028    .text.HAL_TIM_TriggerCallback  stm32f4xx_hal_tim.o
    0x080041c8   0x080041c8   0x00000004   Code   RO           40    .text.HardFault_Handler  stm32f4xx_it.o
    0x080041cc   0x080041cc   0x0000007a   Code   RO          105    .text.IntToUnicode  usbd_desc.o
    0x08004246   0x08004246   0x00000002   PAD
    0x08004248   0x08004248   0x000002aa   Code   RO           19    .text.MX_GPIO_Init  main.o
    0x080044f2   0x080044f2   0x00000002   PAD
    0x080044f4   0x080044f4   0x00000084   Code   RO           21    .text.MX_TIM2_Init  main.o
    0x08004578   0x08004578   0x00000076   Code   RO           80    .text.MX_USB_DEVICE_Init  usb_device.o
    0x080045ee   0x080045ee   0x00000002   PAD
    0x080045f0   0x080045f0   0x00000004   Code   RO           42    .text.MemManage_Handler  stm32f4xx_it.o
    0x080045f4   0x080045f4   0x00000004   Code   RO           38    .text.NMI_Handler   stm32f4xx_it.o
    0x080045f8   0x080045f8   0x0000006c   Code   RO          734    .text.NVIC_EncodePriority  stm32f4xx_hal_cortex.o
    0x08004664   0x08004664   0x00000010   Code   RO           58    .text.OTG_FS_IRQHandler  stm32f4xx_it.o
    0x08004674   0x08004674   0x0000008a   Code   RO          229    .text.PCD_EP_OutSetupPacket_int  stm32f4xx_hal_pcd.o
    0x080046fe   0x080046fe   0x00000002   PAD
    0x08004700   0x08004700   0x000001c8   Code   RO          227    .text.PCD_EP_OutXfrComplete_int  stm32f4xx_hal_pcd.o
    0x080048c8   0x080048c8   0x00000132   Code   RO          237    .text.PCD_WriteEmptyTxFifo  stm32f4xx_hal_pcd.o
    0x080049fa   0x080049fa   0x00000002   PAD
    0x080049fc   0x080049fc   0x00000002   Code   RO           52    .text.PendSV_Handler  stm32f4xx_it.o
    0x080049fe   0x080049fe   0x00000002   PAD
    0x08004a00   0x08004a00   0x00000002   Code   RO           48    .text.SVC_Handler   stm32f4xx_it.o
    0x08004a02   0x08004a02   0x00000002   PAD
    0x08004a04   0x08004a04   0x00000036   Code   RO         1313    .text.SWAPBYTE      usbd_ctlreq.o
    0x08004a3a   0x08004a3a   0x00000002   PAD
    0x08004a3c   0x08004a3c   0x00000052   Code   RO          750    .text.SysTick_Config  stm32f4xx_hal_cortex.o
    0x08004a8e   0x08004a8e   0x00000002   PAD
    0x08004a90   0x08004a90   0x00000008   Code   RO           54    .text.SysTick_Handler  stm32f4xx_it.o
    0x08004a98   0x08004a98   0x000000b8   Code   RO           17    .text.SystemClock_Config  main.o
    0x08004b50   0x08004b50   0x00000012   Code   RO         1220    .text.SystemInit    system_stm32f4xx.o
    0x08004b62   0x08004b62   0x00000002   PAD
    0x08004b64   0x08004b64   0x00000010   Code   RO           56    .text.TIM2_IRQHandler  stm32f4xx_it.o
    0x08004b74   0x08004b74   0x0000013a   Code   RO          888    .text.TIM_Base_SetConfig  stm32f4xx_hal_tim.o
    0x08004cae   0x08004cae   0x00000002   PAD
    0x08004cb0   0x08004cb0   0x00000034   Code   RO         1074    .text.TIM_ETR_SetConfig  stm32f4xx_hal_tim.o
    0x08004ce4   0x08004ce4   0x0000002a   Code   RO         1080    .text.TIM_ITRx_SetConfig  stm32f4xx_hal_tim.o
    0x08004d0e   0x08004d0e   0x00000002   PAD
    0x08004d10   0x08004d10   0x00000050   Code   RO         1078    .text.TIM_TI1_ConfigInputStage  stm32f4xx_hal_tim.o
    0x08004d60   0x08004d60   0x00000052   Code   RO         1082    .text.TIM_TI2_ConfigInputStage  stm32f4xx_hal_tim.o
    0x08004db2   0x08004db2   0x00000002   PAD
    0x08004db4   0x08004db4   0x000000f4   Code   RO         1356    .text.USBD_CDC_DataIn  usbd_cdc.o
    0x08004ea8   0x08004ea8   0x00000070   Code   RO         1358    .text.USBD_CDC_DataOut  usbd_cdc.o
    0x08004f18   0x08004f18   0x000000ec   Code   RO         1350    .text.USBD_CDC_DeInit  usbd_cdc.o
    0x08005004   0x08005004   0x00000078   Code   RO         1354    .text.USBD_CDC_EP0_RxReady  usbd_cdc.o
    0x0800507c   0x0800507c   0x00000016   Code   RO         1366    .text.USBD_CDC_GetDeviceQualifierDescriptor  usbd_cdc.o
    0x08005092   0x08005092   0x00000002   PAD
    0x08005094   0x08005094   0x0000006c   Code   RO         1362    .text.USBD_CDC_GetFSCfgDesc  usbd_cdc.o
    0x08005100   0x08005100   0x00000070   Code   RO         1360    .text.USBD_CDC_GetHSCfgDesc  usbd_cdc.o
    0x08005170   0x08005170   0x0000006c   Code   RO         1364    .text.USBD_CDC_GetOtherSpeedCfgDesc  usbd_cdc.o
    0x080051dc   0x080051dc   0x0000021c   Code   RO         1348    .text.USBD_CDC_Init  usbd_cdc.o
    0x080053f8   0x080053f8   0x0000007e   Code   RO         1376    .text.USBD_CDC_ReceivePacket  usbd_cdc.o
    0x08005476   0x08005476   0x00000002   PAD
    0x08005478   0x08005478   0x00000034   Code   RO         1368    .text.USBD_CDC_RegisterInterface  usbd_cdc.o
    0x080054ac   0x080054ac   0x0000003c   Code   RO         1372    .text.USBD_CDC_SetRxBuffer  usbd_cdc.o
    0x080054e8   0x080054e8   0x00000046   Code   RO         1370    .text.USBD_CDC_SetTxBuffer  usbd_cdc.o
    0x0800552e   0x0800552e   0x00000002   PAD
    0x08005530   0x08005530   0x000001cc   Code   RO         1352    .text.USBD_CDC_Setup  usbd_cdc.o
    0x080056fc   0x080056fc   0x00000094   Code   RO         1374    .text.USBD_CDC_TransmitPacket  usbd_cdc.o
    0x08005790   0x08005790   0x00000032   Code   RO         1248    .text.USBD_ClrClassConfig  usbd_core.o
    0x080057c2   0x080057c2   0x00000002   PAD
    0x080057c4   0x080057c4   0x00000040   Code   RO         1303    .text.USBD_ClrFeature  usbd_ctlreq.o
    0x08005804   0x08005804   0x0000000e   Code   RO         1256    .text.USBD_CoreFindEP  usbd_core.o
    0x08005812   0x08005812   0x00000002   PAD
    0x08005814   0x08005814   0x0000000e   Code   RO         1254    .text.USBD_CoreFindIF  usbd_core.o
    0x08005822   0x08005822   0x00000002   PAD
    0x08005824   0x08005824   0x0000001e   Code   RO         1333    .text.USBD_CtlContinueRx  usbd_ioreq.o
    0x08005842   0x08005842   0x00000002   PAD
    0x08005844   0x08005844   0x0000001e   Code   RO         1329    .text.USBD_CtlContinueSendData  usbd_ioreq.o
    0x08005862   0x08005862   0x00000002   PAD
    0x08005864   0x08005864   0x0000001c   Code   RO         1305    .text.USBD_CtlError  usbd_ctlreq.o
    0x08005880   0x08005880   0x00000036   Code   RO         1331    .text.USBD_CtlPrepareRx  usbd_ioreq.o
    0x080058b6   0x080058b6   0x00000002   PAD
    0x080058b8   0x080058b8   0x00000022   Code   RO         1337    .text.USBD_CtlReceiveStatus  usbd_ioreq.o
    0x080058da   0x080058da   0x00000002   PAD
    0x080058dc   0x080058dc   0x00000032   Code   RO         1327    .text.USBD_CtlSendData  usbd_ioreq.o
    0x0800590e   0x0800590e   0x00000002   PAD
    0x08005910   0x08005910   0x00000022   Code   RO         1335    .text.USBD_CtlSendStatus  usbd_ioreq.o
    0x08005932   0x08005932   0x00000002   PAD
    0x08005934   0x08005934   0x0000004e   Code   RO           99    .text.USBD_FS_ConfigStrDescriptor  usbd_desc.o
    0x08005982   0x08005982   0x00000002   PAD
    0x08005984   0x08005984   0x0000001a   Code   RO           89    .text.USBD_FS_DeviceDescriptor  usbd_desc.o
    0x0800599e   0x0800599e   0x00000002   PAD
    0x080059a0   0x080059a0   0x0000004e   Code   RO          101    .text.USBD_FS_InterfaceStrDescriptor  usbd_desc.o
    0x080059ee   0x080059ee   0x00000002   PAD
    0x080059f0   0x080059f0   0x0000001a   Code   RO           91    .text.USBD_FS_LangIDStrDescriptor  usbd_desc.o
    0x08005a0a   0x08005a0a   0x00000002   PAD
    0x08005a0c   0x08005a0c   0x00000028   Code   RO           93    .text.USBD_FS_ManufacturerStrDescriptor  usbd_desc.o
    0x08005a34   0x08005a34   0x0000004e   Code   RO           95    .text.USBD_FS_ProductStrDescriptor  usbd_desc.o
    0x08005a82   0x08005a82   0x00000002   PAD
    0x08005a84   0x08005a84   0x00000020   Code   RO           97    .text.USBD_FS_SerialStrDescriptor  usbd_desc.o
    0x08005aa4   0x08005aa4   0x00000064   Code   RO         1297    .text.USBD_GetConfig  usbd_ctlreq.o
    0x08005b08   0x08005b08   0x000002d8   Code   RO         1291    .text.USBD_GetDescriptor  usbd_ctlreq.o
    0x08005de0   0x08005de0   0x00000076   Code   RO         1278    .text.USBD_GetEpDesc  usbd_core.o
    0x08005e56   0x08005e56   0x00000002   PAD
    0x08005e58   0x08005e58   0x00000032   Code   RO         1317    .text.USBD_GetLen   usbd_ctlreq.o
    0x08005e8a   0x08005e8a   0x00000002   PAD
    0x08005e8c   0x08005e8c   0x00000026   Code   RO         1280    .text.USBD_GetNextDesc  usbd_core.o
    0x08005eb2   0x08005eb2   0x00000002   PAD
    0x08005eb4   0x08005eb4   0x00000062   Code   RO         1299    .text.USBD_GetStatus  usbd_ctlreq.o
    0x08005f16   0x08005f16   0x00000002   PAD
    0x08005f18   0x08005f18   0x00000098   Code   RO         1315    .text.USBD_GetString  usbd_ctlreq.o
    0x08005fb0   0x08005fb0   0x00000052   Code   RO          172    .text.USBD_Get_USB_Status  usbd_conf.o
    0x08006002   0x08006002   0x00000002   PAD
    0x08006004   0x08006004   0x0000006a   Code   RO         1234    .text.USBD_Init     usbd_core.o
    0x0800606e   0x0800606e   0x00000002   PAD
    0x08006070   0x08006070   0x0000003a   Code   RO          186    .text.USBD_LL_ClearStallEP  usbd_conf.o
    0x080060aa   0x080060aa   0x00000002   PAD
    0x080060ac   0x080060ac   0x0000003a   Code   RO          180    .text.USBD_LL_CloseEP  usbd_conf.o
    0x080060e6   0x080060e6   0x00000002   PAD
    0x080060e8   0x080060e8   0x00000192   Code   RO         1258    .text.USBD_LL_DataInStage  usbd_core.o
    0x0800627a   0x0800627a   0x00000002   PAD
    0x0800627c   0x0800627c   0x000001b4   Code   RO         1252    .text.USBD_LL_DataOutStage  usbd_core.o
    0x08006430   0x08006430   0x0000000a   Code   RO         1274    .text.USBD_LL_DevConnected  usbd_core.o
    0x0800643a   0x0800643a   0x00000002   PAD
    0x0800643c   0x0800643c   0x00000040   Code   RO         1276    .text.USBD_LL_DevDisconnected  usbd_core.o
    0x0800647c   0x0800647c   0x0000001c   Code   RO          196    .text.USBD_LL_GetRxDataSize  usbd_conf.o
    0x08006498   0x08006498   0x00000080   Code   RO          168    .text.USBD_LL_Init  usbd_conf.o
    0x08006518   0x08006518   0x0000005c   Code   RO          188    .text.USBD_LL_IsStallEP  usbd_conf.o
    0x08006574   0x08006574   0x0000006e   Code   RO         1270    .text.USBD_LL_IsoINIncomplete  usbd_core.o
    0x080065e2   0x080065e2   0x00000002   PAD
    0x080065e4   0x080065e4   0x0000006e   Code   RO         1272    .text.USBD_LL_IsoOUTIncomplete  usbd_core.o
    0x08006652   0x08006652   0x00000002   PAD
    0x08006654   0x08006654   0x0000004a   Code   RO          178    .text.USBD_LL_OpenEP  usbd_conf.o
    0x0800669e   0x0800669e   0x00000002   PAD
    0x080066a0   0x080066a0   0x00000042   Code   RO          194    .text.USBD_LL_PrepareReceive  usbd_conf.o
    0x080066e2   0x080066e2   0x00000002   PAD
    0x080066e4   0x080066e4   0x0000009c   Code   RO         1260    .text.USBD_LL_Reset  usbd_core.o
    0x08006780   0x08006780   0x00000024   Code   RO         1266    .text.USBD_LL_Resume  usbd_core.o
    0x080067a4   0x080067a4   0x0000003e   Code   RO         1268    .text.USBD_LL_SOF   usbd_core.o
    0x080067e2   0x080067e2   0x00000002   PAD
    0x080067e4   0x080067e4   0x00000016   Code   RO         1262    .text.USBD_LL_SetSpeed  usbd_core.o
    0x080067fa   0x080067fa   0x00000002   PAD
    0x080067fc   0x080067fc   0x0000003a   Code   RO          190    .text.USBD_LL_SetUSBAddress  usbd_conf.o
    0x08006836   0x08006836   0x00000002   PAD
    0x08006838   0x08006838   0x00000094   Code   RO         1250    .text.USBD_LL_SetupStage  usbd_core.o
    0x080068cc   0x080068cc   0x0000003a   Code   RO          184    .text.USBD_LL_StallEP  usbd_conf.o
    0x08006906   0x08006906   0x00000002   PAD
    0x08006908   0x08006908   0x00000032   Code   RO          174    .text.USBD_LL_Start  usbd_conf.o
    0x0800693a   0x0800693a   0x00000002   PAD
    0x0800693c   0x0800693c   0x0000001e   Code   RO         1264    .text.USBD_LL_Suspend  usbd_core.o
    0x0800695a   0x0800695a   0x00000002   PAD
    0x0800695c   0x0800695c   0x00000042   Code   RO          192    .text.USBD_LL_Transmit  usbd_conf.o
    0x0800699e   0x0800699e   0x00000002   PAD
    0x080069a0   0x080069a0   0x00000062   Code   RO         1311    .text.USBD_ParseSetupRequest  usbd_ctlreq.o
    0x08006a02   0x08006a02   0x00000002   PAD
    0x08006a04   0x08006a04   0x00000072   Code   RO         1238    .text.USBD_RegisterClass  usbd_core.o
    0x08006a76   0x08006a76   0x00000002   PAD
    0x08006a78   0x08006a78   0x0000000a   Code   RO         1244    .text.USBD_RunTestMode  usbd_core.o
    0x08006a82   0x08006a82   0x00000002   PAD
    0x08006a84   0x08006a84   0x0000008c   Code   RO         1293    .text.USBD_SetAddress  usbd_ctlreq.o
    0x08006b10   0x08006b10   0x00000036   Code   RO         1246    .text.USBD_SetClassConfig  usbd_core.o
    0x08006b46   0x08006b46   0x00000002   PAD
    0x08006b48   0x08006b48   0x0000017e   Code   RO         1295    .text.USBD_SetConfig  usbd_ctlreq.o
    0x08006cc6   0x08006cc6   0x00000002   PAD
    0x08006cc8   0x08006cc8   0x0000004e   Code   RO         1301    .text.USBD_SetFeature  usbd_ctlreq.o
    0x08006d16   0x08006d16   0x00000002   PAD
    0x08006d18   0x08006d18   0x00000010   Code   RO         1240    .text.USBD_Start    usbd_core.o
    0x08006d28   0x08006d28   0x000000cc   Code   RO         1289    .text.USBD_StdDevReq  usbd_ctlreq.o
    0x08006df4   0x08006df4   0x000003ac   Code   RO         1309    .text.USBD_StdEPReq  usbd_ctlreq.o
    0x080071a0   0x080071a0   0x000000f4   Code   RO         1307    .text.USBD_StdItfReq  usbd_ctlreq.o
    0x08007294   0x08007294   0x00000008   Code   RO          200    .text.USBD_static_free  usbd_conf.o
    0x0800729c   0x0800729c   0x00000010   Code   RO          198    .text.USBD_static_malloc  usbd_conf.o
    0x080072ac   0x080072ac   0x000000de   Code   RO          335    .text.USB_ActivateEndpoint  stm32f4xx_ll_usb.o
    0x0800738a   0x0800738a   0x00000002   PAD
    0x0800738c   0x0800738c   0x0000002c   Code   RO          377    .text.USB_ActivateSetup  stm32f4xx_ll_usb.o
    0x080073b8   0x080073b8   0x000000fc   Code   RO          311    .text.USB_CoreInit  stm32f4xx_ll_usb.o
    0x080074b4   0x080074b4   0x00000082   Code   RO          313    .text.USB_CoreReset  stm32f4xx_ll_usb.o
    0x08007536   0x08007536   0x00000002   PAD
    0x08007538   0x08007538   0x00000138   Code   RO          339    .text.USB_DeactivateEndpoint  stm32f4xx_ll_usb.o
    0x08007670   0x08007670   0x0000002a   Code   RO          361    .text.USB_DevConnect  stm32f4xx_ll_usb.o
    0x0800769a   0x0800769a   0x00000002   PAD
    0x0800769c   0x0800769c   0x0000002a   Code   RO          363    .text.USB_DevDisconnect  stm32f4xx_ll_usb.o
    0x080076c6   0x080076c6   0x00000002   PAD
    0x080076c8   0x080076c8   0x000002c2   Code   RO          325    .text.USB_DevInit   stm32f4xx_ll_usb.o
    0x0800798a   0x0800798a   0x00000002   PAD
    0x0800798c   0x0800798c   0x00000014   Code   RO          319    .text.USB_DisableGlobalInt  stm32f4xx_ll_usb.o
    0x080079a0   0x080079a0   0x000001f6   Code   RO          347    .text.USB_EP0StartXfer  stm32f4xx_ll_usb.o
    0x08007b96   0x08007b96   0x00000002   PAD
    0x08007b98   0x08007b98   0x0000009e   Code   RO          379    .text.USB_EP0_OutStart  stm32f4xx_ll_usb.o
    0x08007c36   0x08007c36   0x00000002   PAD
    0x08007c38   0x08007c38   0x000000a0   Code   RO          355    .text.USB_EPClearStall  stm32f4xx_ll_usb.o
    0x08007cd8   0x08007cd8   0x000000a8   Code   RO          353    .text.USB_EPSetStall  stm32f4xx_ll_usb.o
    0x08007d80   0x08007d80   0x00000368   Code   RO          343    .text.USB_EPStartXfer  stm32f4xx_ll_usb.o
    0x080080e8   0x080080e8   0x0000011c   Code   RO          349    .text.USB_EPStopXfer  stm32f4xx_ll_usb.o
    0x08008204   0x08008204   0x00000014   Code   RO          317    .text.USB_EnableGlobalInt  stm32f4xx_ll_usb.o
    0x08008218   0x08008218   0x00000080   Code   RO          331    .text.USB_FlushRxFifo  stm32f4xx_ll_usb.o
    0x08008298   0x08008298   0x00000086   Code   RO          329    .text.USB_FlushTxFifo  stm32f4xx_ll_usb.o
    0x0800831e   0x0800831e   0x00000002   PAD
    0x08008320   0x08008320   0x0000004c   Code   RO          333    .text.USB_GetDevSpeed  stm32f4xx_ll_usb.o
    0x0800836c   0x0800836c   0x00000010   Code   RO          323    .text.USB_GetMode   stm32f4xx_ll_usb.o
    0x0800837c   0x0800837c   0x00000024   Code   RO          369    .text.USB_ReadDevAllInEpInterrupt  stm32f4xx_ll_usb.o
    0x080083a0   0x080083a0   0x00000024   Code   RO          367    .text.USB_ReadDevAllOutEpInterrupt  stm32f4xx_ll_usb.o
    0x080083c4   0x080083c4   0x0000004e   Code   RO          373    .text.USB_ReadDevInEPInterrupt  stm32f4xx_ll_usb.o
    0x08008412   0x08008412   0x00000002   PAD
    0x08008414   0x08008414   0x0000002e   Code   RO          371    .text.USB_ReadDevOutEPInterrupt  stm32f4xx_ll_usb.o
    0x08008442   0x08008442   0x00000002   PAD
    0x08008444   0x08008444   0x0000001a   Code   RO          365    .text.USB_ReadInterrupts  stm32f4xx_ll_usb.o
    0x0800845e   0x0800845e   0x00000002   PAD
    0x08008460   0x08008460   0x000000b4   Code   RO          351    .text.USB_ReadPacket  stm32f4xx_ll_usb.o
    0x08008514   0x08008514   0x000000de   Code   RO          321    .text.USB_SetCurrentMode  stm32f4xx_ll_usb.o
    0x080085f2   0x080085f2   0x00000002   PAD
    0x080085f4   0x080085f4   0x00000036   Code   RO          359    .text.USB_SetDevAddress  stm32f4xx_ll_usb.o
    0x0800862a   0x0800862a   0x00000002   PAD
    0x0800862c   0x0800862c   0x00000022   Code   RO          327    .text.USB_SetDevSpeed  stm32f4xx_ll_usb.o
    0x0800864e   0x0800864e   0x00000002   PAD
    0x08008650   0x08008650   0x000001ba   Code   RO          315    .text.USB_SetTurnaroundTime  stm32f4xx_ll_usb.o
    0x0800880a   0x0800880a   0x00000002   PAD
    0x0800880c   0x0800880c   0x00000082   Code   RO          345    .text.USB_WritePacket  stm32f4xx_ll_usb.o
    0x0800888e   0x0800888e   0x00000002   PAD
    0x08008890   0x08008890   0x00000004   Code   RO           46    .text.UsageFault_Handler  stm32f4xx_it.o
    0x08008894   0x08008894   0x00000030   Code   RO          738    .text.__NVIC_EnableIRQ  stm32f4xx_hal_cortex.o
    0x080088c4   0x080088c4   0x00000010   Code   RO          730    .text.__NVIC_GetPriorityGrouping  stm32f4xx_hal_cortex.o
    0x080088d4   0x080088d4   0x00000042   Code   RO          732    .text.__NVIC_SetPriority  stm32f4xx_hal_cortex.o
    0x08008916   0x08008916   0x00000002   PAD
    0x08008918   0x08008918   0x0000003c   Code   RO          726    .text.__NVIC_SetPriorityGrouping  stm32f4xx_hal_cortex.o
    0x08008954   0x08008954   0x00000030   Code   RO           15    .text.main          main.o
    0x08008984   0x08008984   0x00000056   Code   RO           13    .text.sens_data_transmition  main.o
    0x080089da   0x080089da   0x0000003e   Code   RO         1559    CL$$btod_d2e        c_w.l(btod.o)
    0x08008a18   0x08008a18   0x00000046   Code   RO         1561    CL$$btod_d2e_denorm_low  c_w.l(btod.o)
    0x08008a5e   0x08008a5e   0x00000060   Code   RO         1560    CL$$btod_d2e_norm_op1  c_w.l(btod.o)
    0x08008abe   0x08008abe   0x00000002   PAD
    0x08008ac0   0x08008ac0   0x00000338   Code   RO         1569    CL$$btod_div_common  c_w.l(btod.o)
    0x08008df8   0x08008df8   0x000000dc   Code   RO         1566    CL$$btod_e2e        c_w.l(btod.o)
    0x08008ed4   0x08008ed4   0x0000002a   Code   RO         1563    CL$$btod_ediv       c_w.l(btod.o)
    0x08008efe   0x08008efe   0x0000002a   Code   RO         1562    CL$$btod_emul       c_w.l(btod.o)
    0x08008f28   0x08008f28   0x00000244   Code   RO         1568    CL$$btod_mult_common  c_w.l(btod.o)
    0x0800916c   0x0800916c   0x00000030   Code   RO         1601    i.__ARM_fpclassify  m_wm.l(fpclassify.o)
    0x0800919c   0x0800919c   0x0000000e   Code   RO         1467    i._is_digit         c_w.l(__printf_wp.o)
    0x080091aa   0x080091aa   0x00000002   PAD
    0x080091ac   0x080091ac   0x0000002c   Code   RO         1584    locale$$code        c_w.l(lc_numeric_c.o)
    0x080091d8   0x080091d8   0x0000002c   Code   RO         1613    locale$$code        c_w.l(lc_ctype_c.o)
    0x08009204   0x08009204   0x0000001a   Code   RO         1687    x$fpl$fpinit        fz_wm.l(fpinit.o)
    0x0800921e   0x0800921e   0x00000004   Code   RO         1500    x$fpl$printf1       fz_wm.l(printf1.o)
    0x08009222   0x08009222   0x00000004   Code   RO         1502    x$fpl$printf2       fz_wm.l(printf2.o)
    0x08009226   0x08009226   0x00000000   Code   RO         1600    x$fpl$usenofp       fz_wm.l(usenofp.o)
    0x08009226   0x08009226   0x00000002   PAD
    0x08009228   0x08009228   0x00000008   Data   RO         1426    .constdata          c_w.l(_printf_wctomb.o)
    0x08009230   0x08009230   0x00000028   Data   RO         1455    .constdata          c_w.l(_printf_hex_int_ll_ptr.o)
    0x08009258   0x08009258   0x00000011   Data   RO         1475    .constdata          c_w.l(__printf_flags_ss_wp.o)
    0x08009269   0x08009269   0x00000026   Data   RO         1534    .constdata          c_w.l(_printf_fp_hex.o)
    0x0800928f   0x0800928f   0x00000001   PAD
    0x08009290   0x08009290   0x00000094   Data   RO         1557    .constdata          c_w.l(bigflt0.o)
    0x08009324   0x08009324   0x00000010   Data   RO         1225    .rodata.AHBPrescTable  system_stm32f4xx.o
    0x08009334   0x08009334   0x00000017   Data   RO           28    .rodata.str1.1      main.o
    0x0800934b   0x0800934b   0x00000042   Data   RO          111    .rodata.str1.1      usbd_desc.o
    0x0800938d   0x0800938d   0x00000003   PAD
    0x08009390   0x08009390   0x00000020   Data   RO         1748    Region$$Table       anon$$obj.o
    0x080093b0   0x080093b0   0x0000001c   Data   RO         1583    locale$$data        c_w.l(lc_numeric_c.o)
    0x080093cc   0x080093cc   0x00000110   Data   RO         1612    locale$$data        c_w.l(lc_ctype_c.o)


    Execution Region RW_IRAM1 (Exec base: 0x20000000, Load base: 0x080094e0, Size: 0x000023d8, Max: 0x00020000, ABSOLUTE)

    Exec Addr    Load Addr    Size         Type   Attr      Idx    E Section Name        Object

    0x20000000   0x080094e0   0x00000001   Data   RW         1382    .data.CDCCmdEpAdd   usbd_cdc.o
    0x20000001   0x080094e1   0x00000001   Data   RW         1380    .data.CDCInEpAdd    usbd_cdc.o
    0x20000002   0x080094e2   0x00000001   Data   RW         1381    .data.CDCOutEpAdd   usbd_cdc.o
    0x20000003   0x080094e3   0x00000001   PAD
    0x20000004   0x080094e4   0x0000001c   Data   RW          107    .data.FS_Desc       usbd_desc.o
    0x20000020   0x08009500   0x00000004   Data   RW         1224    .data.SystemCoreClock  system_stm32f4xx.o
    0x20000024   0x08009504   0x00000038   Data   RW         1378    .data.USBD_CDC      usbd_cdc.o
    0x2000005c   0x0800953c   0x00000043   Data   RW         1383    .data.USBD_CDC_CfgDesc  usbd_cdc.o
    0x2000009f   0x0800957f   0x00000001   PAD
    0x200000a0   0x08009580   0x0000000a   Data   RW         1379    .data.USBD_CDC_DeviceQualifierDesc  usbd_cdc.o
    0x200000aa   0x0800958a   0x00000002   PAD
    0x200000ac   0x0800958c   0x00000012   Data   RW          108    .data.USBD_FS_DeviceDesc  usbd_desc.o
    0x200000be   0x0800959e   0x00000002   PAD
    0x200000c0   0x080095a0   0x00000014   Data   RW          132    .data.USBD_Interface_fops_FS  usbd_cdc_if.o
    0x200000d4   0x080095b4   0x00000004   Data   RW          109    .data.USBD_LangIDDesc  usbd_desc.o
    0x200000d8   0x080095b8   0x0000001a   Data   RW          110    .data.USBD_StringSerial  usbd_desc.o
    0x200000f2   0x080095d2   0x00000001   Data   RW          850    .data.uwTickFreq    stm32f4xx_hal.o
    0x200000f3   0x080095d3   0x00000001   PAD
    0x200000f4   0x080095d4   0x00000004   Data   RW          849    .data.uwTickPrio    stm32f4xx_hal.o
    0x200000f8        -       0x00000060   Zero   RW         1604    .bss                c_w.l(libspace.o)
    0x20000158        -       0x00000001   Zero   RW         1319    .bss.USBD_SetConfig.cfgidx  usbd_ctlreq.o
    0x20000159   0x080095d8   0x00000003   PAD
    0x2000015c        -       0x00000200   Zero   RW          112    .bss.USBD_StrDesc   usbd_desc.o
    0x2000035c        -       0x00000220   Zero   RW          205    .bss.USBD_static_malloc.mem  usbd_conf.o
    0x2000057c        -       0x00000800   Zero   RW          133    .bss.UserRxBufferFS  usbd_cdc_if.o
    0x20000d7c        -       0x00000800   Zero   RW          134    .bss.UserTxBufferFS  usbd_cdc_if.o
    0x2000157c        -       0x0000001e   Zero   RW           27    .bss.buff           main.o
    0x2000159a   0x080095d8   0x00000002   PAD
    0x2000159c        -       0x000002dc   Zero   RW           82    .bss.hUsbDeviceFS   usb_device.o
    0x20001878        -       0x0000050c   Zero   RW          204    .bss.hpcd_USB_OTG_FS  usbd_conf.o
    0x20001d84        -       0x00000048   Zero   RW           29    .bss.htim2          main.o
    0x20001dcc        -       0x00000002   Zero   RW           25    .bss.sens_state     main.o
    0x20001dce        -       0x00000001   Zero   RW           26    .bss.update_flag    main.o
    0x20001dcf   0x080095d8   0x00000001   PAD
    0x20001dd0        -       0x00000004   Zero   RW          851    .bss.uwTick         stm32f4xx_hal.o
    0x20001dd4   0x080095d8   0x00000004   PAD
    0x20001dd8        -       0x00000200   Zero   RW            2    HEAP                startup_stm32f411xe.o
    0x20001fd8        -       0x00000400   Zero   RW            1    STACK               startup_stm32f411xe.o


==============================================================================

Image component sizes


      Code (inc. data)   RO Data    RW Data    ZI Data      Debug   Object Name

      1238          0         23          0        105       7502   main.o
        64         26        408          0       1536        828   startup_stm32f411xe.o
       276          0          0          5          4       6666   stm32f4xx_hal.o
       482          0          0          0          0       8904   stm32f4xx_hal_cortex.o
       958          0          0          0          0       5059   stm32f4xx_hal_gpio.o
       158          0          0          0          0       6116   stm32f4xx_hal_msp.o
      5136          0          0          0          0      14298   stm32f4xx_hal_pcd.o
       192          0          0          0          0       4150   stm32f4xx_hal_pcd_ex.o
      2578          0          0          0          0       7600   stm32f4xx_hal_rcc.o
      1990          0          0          0          0      35554   stm32f4xx_hal_tim.o
       270          0          0          0          0      15216   stm32f4xx_hal_tim_ex.o
        66          0          0          0          0       1182   stm32f4xx_it.o
      5572          0          0          0          0      19050   stm32f4xx_ll_usb.o
        18          0         16          4          0       2558   system_stm32f4xx.o
       118          0          0          0        732       3090   usb_device.o
      2518         12          0        136          0      10720   usbd_cdc.o
       302         36          0         20       4096       2571   usbd_cdc_if.o
      1400          4          0          0       1836      13860   usbd_conf.o
      2120          0          0          0          0       8905   usbd_core.o
      3360         30          0          0          1       8493   usbd_ctlreq.o
       572          0         66         76        512       3192   usbd_desc.o
       232          0          0          0          0       4135   usbd_ioreq.o

    ----------------------------------------------------------------------
     29822        108        548        248       8832     189649   Object Totals
         0          0         32          0          0          0   (incl. Generated)
       202          0          3          7         10          0   (incl. Padding)

    ----------------------------------------------------------------------

      Code (inc. data)   RO Data    RW Data    ZI Data      Debug   Library Member Name

         8          0          0          0          0         68   __main.o
       392          4         17          0          0         92   __printf_flags_ss_wp.o
        14          0          0          0          0         68   __printf_wp.o
         0          0          0          0          0          0   __rtentry.o
        12          0          0          0          0          0   __rtentry2.o
         6          0          0          0          0          0   __rtentry4.o
        52          8          0          0          0          0   __scatter.o
        26          0          0          0          0          0   __scatter_copy.o
        28          0          0          0          0          0   __scatter_zi.o
        72          0          0          0          0         96   _c16rtomb.o
         6          0          0          0          0          0   _printf_a.o
         6          0          0          0          0          0   _printf_c.o
        44          0          0          0          0        108   _printf_char.o
        48          6          0          0          0         96   _printf_char_common.o
        40          0          0          0          0         68   _printf_charcount.o
         6          0          0          0          0          0   _printf_d.o
       120         16          0          0          0         92   _printf_dec.o
         6          0          0          0          0          0   _printf_e.o
         6          0          0          0          0          0   _printf_f.o
      1052          0          0          0          0        148   _printf_fp_dec.o
       764          8         38          0          0        100   _printf_fp_hex.o
       128         16          0          0          0         84   _printf_fp_infnan.o
         6          0          0          0          0          0   _printf_g.o
       148          4         40          0          0        160   _printf_hex_int_ll_ptr.o
         6          0          0          0          0          0   _printf_i.o
       178          0          0          0          0         88   _printf_intcommon.o
        10          0          0          0          0          0   _printf_l.o
         6          0          0          0          0          0   _printf_lc.o
        10          0          0          0          0          0   _printf_ll.o
         6          0          0          0          0          0   _printf_lld.o
         6          0          0          0          0          0   _printf_lli.o
         6          0          0          0          0          0   _printf_llo.o
         6          0          0          0          0          0   _printf_llu.o
         6          0          0          0          0          0   _printf_llx.o
       124         16          0          0          0         92   _printf_longlong_dec.o
         6          0          0          0          0          0   _printf_ls.o
         6          0          0          0          0          0   _printf_n.o
         6          0          0          0          0          0   _printf_o.o
       112          8          0          0          0        124   _printf_oct_int_ll.o
         6          0          0          0          0          0   _printf_p.o
        78          0          0          0          0        108   _printf_pad.o
         0          0          0          0          0          0   _printf_percent.o
         4          0          0          0          0          0   _printf_percent_end.o
         6          0          0          0          0          0   _printf_s.o
        82          0          0          0          0         80   _printf_str.o
        36          0          0          0          0         84   _printf_truncate.o
         6          0          0          0          0          0   _printf_u.o
        44          0          0          0          0        108   _printf_wchar.o
       188          6          8          0          0         92   _printf_wctomb.o
         6          0          0          0          0          0   _printf_x.o
        10          0          0          0          0         68   _sputc.o
       228          4        148          0          0         96   bigflt0.o
      1936        128          0          0          0        668   btod.o
        18          0          0          0          0         80   exit.o
         6          0          0          0          0        152   heapauxi.o
         0          0          0          0          0          0   indicate_semi.o
        44         10        272          0          0         76   lc_ctype_c.o
        44         10         28          0          0         76   lc_numeric_c.o
         2          0          0          0          0          0   libinit.o
        34          0          0          0          0          0   libinit2.o
         2          0          0          0          0          0   libshutdown.o
         2          0          0          0          0          0   libshutdown2.o
         8          4          0          0         96         68   libspace.o
       138          0          0          0          0         80   lludiv10.o
       240          0          0          0          0        100   lludivv7m.o
        16          4          0          0          0         76   rt_ctype_table.o
         8          4          0          0          0         68   rt_locale_intlibspace.o
        78          0          0          0          0         80   rt_memclr_w.o
         2          0          0          0          0          0   rtexit.o
        10          0          0          0          0          0   rtexit2.o
        44          6          0          0          0         84   sprintf.o
       124          0          0          0          0         88   strcmpv7em.o
        62          0          0          0          0         76   strlen.o
        12          4          0          0          0         68   sys_exit.o
        74          0          0          0          0         80   sys_stackheap_outer.o
         2          0          0          0          0         68   use_no_semi.o
        26          0          0          0          0        116   fpinit.o
         4          0          0          0          0        116   printf1.o
         4          0          0          0          0        116   printf2.o
         0          0          0          0          0          0   usenofp.o
        48          0          0          0          0        124   fpclassify.o

    ----------------------------------------------------------------------
      7186        266        552          0         96       4580   Library Totals
        20          0          1          0          0          0   (incl. Padding)

    ----------------------------------------------------------------------

      Code (inc. data)   RO Data    RW Data    ZI Data      Debug   Library Name

      7084        266        551          0         96       4108   c_w.l
        34          0          0          0          0        348   fz_wm.l
        48          0          0          0          0        124   m_wm.l

    ----------------------------------------------------------------------
      7186        266        552          0         96       4580   Library Totals

    ----------------------------------------------------------------------

==============================================================================


      Code (inc. data)   RO Data    RW Data    ZI Data      Debug   

     37008        374       1100        248       8928     191445   Grand Totals
     37008        374       1100        248       8928     191445   ELF Image Totals
     37008        374       1100        248          0          0   ROM Totals

==============================================================================

    Total RO  Size (Code + RO Data)                38108 (  37.21kB)
    Total RW  Size (RW Data + ZI Data)              9176 (   8.96kB)
    Total ROM Size (Code + RO Data + RW Data)      38356 (  37.46kB)

==============================================================================

